[2026-06-08 15:05:43] Starting spider crawl at https://www.nike.com/w/mens-shoes-nik1zy7ok with max_pages=3 and custom_fields=['name', 'price', 'image', 'description']
[2026-06-08 15:05:56] Extracted 121 chunks from https://www.nike.com/w/mens-shoes-nik1zy7ok for record extraction
[2026-06-08 15:05:56] Extracting field 'name' from chunk for https://www.nike.com/w/mens-shoes-nik1zy7ok
[2026-06-08 15:05:56] name -> 'Air Jordan 1 Retro Low OG "Phantom and Pine Green" Men\'s Shoes'
[2026-06-08 15:05:56] Extracting field 'price' from chunk for https://www.nike.com/w/mens-shoes-nik1zy7ok
[2026-06-08 15:05:56] price -> '$150'
[2026-06-08 15:05:56] Extracting field 'image' from chunk for https://www.nike.com/w/mens-shoes-nik1zy7ok
[2026-06-08 15:05:56] image -> 'https://static.nike.com/a/images/t_web_pw_592_v2/f_auto/u_126ab356-44d8-4a06-89b4-fcdcc8df0245,c_scale,fl_relative,w_1.0,h_1.0,fl_layer_apply/e510b44b-9802-458a-b2ee-9e550148a50e/AIR+JORDAN+1+RETRO+LOW+OG.png'
[2026-06-08 15:05:56] Extracting field 'description' from chunk for https://www.nike.com/w/mens-shoes-nik1zy7ok
[2026-06-08 15:05:56] description -> ''
[2026-06-08 15:05:56] Extracting field 'name' from chunk for https://www.nike.com/w/mens-shoes-nik1zy7ok
[2026-06-08 15:05:56] name -> "Jordan Sixty Plus Low Men's Shoes"
[2026-06-08 15:05:56] Extracting field 'price' from chunk for https://www.nike.com/w/mens-shoes-nik1zy7ok
[2026-06-08 15:05:56] price -> '$160'
[2026-06-08 15:05:56] Extracting field 'image' from chunk for https://www.nike.com/w/mens-shoes-nik1zy7ok
[2026-06-08 15:05:56] image -> "Best Seller Jordan Sixty Plus Low Men's Shoes $160"
[2026-06-08 15:05:56] Extracting field 'description' from chunk for https://www.nike.com/w/mens-shoes-nik1zy7ok
[2026-06-08 15:05:56] description -> ''
[2026-06-08 15:05:56] Extracting field 'name' from chunk for https://www.nike.com/w/mens-shoes-nik1zy7ok
[2026-06-08 15:05:56] name -> "Nike Air Force 1 Low Retro Men's Shoes"
[2026-06-08 15:05:56] Extracting field 'price' from chunk for https://www.nike.com/w/mens-shoes-nik1zy7ok
[2026-06-08 15:05:56] price -> '$125'
[2026-06-08 15:05:56] Extracting field 'image' from chunk for https://www.nike.com/w/mens-shoes-nik1zy7ok
[2026-06-08 15:05:56] image -> 'https://static.nike.com/a/images/t_web_pw_592_v2/f_auto/u_9ddf04c7-2a9a-4d76-add1-d15af8f0263d,c_scale,fl_relative,w_1.0,h_1.0,fl_layer_apply/77997ab1-a23e-4364-89b9-4f0aef1c3331/AIR+FORCE+1+LOW+RETRO+QS.png'
[2026-06-08 15:05:56] Extracting field 'description' from chunk for https://www.nike.com/w/mens-shoes-nik1zy7ok
[2026-06-08 15:05:56] description -> ''
[2026-06-08 15:05:56] Extracting field 'name' from chunk for https://www.nike.com/w/mens-shoes-nik1zy7ok
[2026-06-08 15:05:56] name -> "Nike Air Max 95 Big Bubble SE Men's Shoes"
[2026-06-08 15:05:56] Extracting field 'price' from chunk for https://www.nike.com/w/mens-shoes-nik1zy7ok
[2026-06-08 15:05:56] price -> '$190'
[2026-06-08 15:05:56] Extracting field 'image' from chunk for https://www.nike.com/w/mens-shoes-nik1zy7ok
[2026-06-08 15:05:56] image -> "Just In Nike Air Max 95 Big Bubble SE Men's Shoes $190"
[2026-06-08 15:05:56] Extracting field 'description' from chunk for https://www.nike.com/w/mens-shoes-nik1zy7ok
[2026-06-08 15:05:56] description -> ''
[2026-06-08 15:05:56] Extracting field 'name' from chunk for https://www.nike.com/w/mens-shoes-nik1zy7ok
[2026-06-08 15:05:56] name -> "Nike Air Max Plus OG Premium Men's Shoes"
[2026-06-08 15:05:56] Extracting field 'price' from chunk for https://www.nike.com/w/mens-shoes-nik1zy7ok
[2026-06-08 15:05:56] price -> '$190'
[2026-06-08 15:05:56] Extracting field 'image' from chunk for https://www.nike.com/w/mens-shoes-nik1zy7ok
[2026-06-08 15:05:56] image -> "Just In Nike Air Max Plus OG Premium Men's Shoes $190"
[2026-06-08 15:05:56] Extracting field 'description' from chunk for https://www.nike.com/w/mens-shoes-nik1zy7ok
[2026-06-08 15:05:56] description -> ''
[2026-06-08 15:05:56] Extracting field 'name' from chunk for https://www.nike.com/w/mens-shoes-nik1zy7ok
[2026-06-08 15:05:56] name -> 'Summer Essentials'
[2026-06-08 15:05:56] Extracting field 'price' from chunk for https://www.nike.com/w/mens-shoes-nik1zy7ok
[2026-06-08 15:05:56] price -> ''
[2026-06-08 15:05:56] Extracting field 'image' from chunk for https://www.nike.com/w/mens-shoes-nik1zy7ok
[2026-06-08 15:05:56] image -> 'https://static.nike.com/a/images/w_960,c_limit/ac44844d-8681-426d-95e5-3c7364914af5/image.jpg'
[2026-06-08 15:05:56] Extracting field 'description' from chunk for https://www.nike.com/w/mens-shoes-nik1zy7ok
[2026-06-08 15:05:56] description -> ''
[2026-06-08 15:05:56] Extracting field 'name' from chunk for https://www.nike.com/w/mens-shoes-nik1zy7ok
[2026-06-08 15:05:56] name -> "Nike Air Max 90 Premium Men's Shoes"
[2026-06-08 15:05:56] Extracting field 'price' from chunk for https://www.nike.com/w/mens-shoes-nik1zy7ok
[2026-06-08 15:05:56] price -> '$145'
[2026-06-08 15:05:56] Extracting field 'image' from chunk for https://www.nike.com/w/mens-shoes-nik1zy7ok
[2026-06-08 15:05:56] image -> "Just In Nike Air Max 90 Premium Men's Shoes $145"
[2026-06-08 15:05:56] Extracting field 'description' from chunk for https://www.nike.com/w/mens-shoes-nik1zy7ok
[2026-06-08 15:05:56] description -> ''
[2026-06-08 15:05:56] Extracting field 'name' from chunk for https://www.nike.com/w/mens-shoes-nik1zy7ok
[2026-06-08 15:05:56] name -> "Nike Gato LV8 Men's Shoes"
[2026-06-08 15:05:56] Extracting field 'price' from chunk for https://www.nike.com/w/mens-shoes-nik1zy7ok
[2026-06-08 15:05:56] price -> '$125'
[2026-06-08 15:05:56] Extracting field 'image' from chunk for https://www.nike.com/w/mens-shoes-nik1zy7ok
[2026-06-08 15:05:56] image -> "Just In Nike Gato LV8 Men's Shoes $125"
[2026-06-08 15:05:56] Extracting field 'description' from chunk for https://www.nike.com/w/mens-shoes-nik1zy7ok
[2026-06-08 15:05:56] description -> ''
[2026-06-08 15:05:56] Extracting field 'name' from chunk for https://www.nike.com/w/mens-shoes-nik1zy7ok
[2026-06-08 15:05:56] name -> 'Air Jordan 4 "Toro" Men\'s Shoes'
[2026-06-08 15:05:56] Extracting field 'price' from chunk for https://www.nike.com/w/mens-shoes-nik1zy7ok
[2026-06-08 15:05:56] price -> '$220'
[2026-06-08 15:05:56] Extracting field 'image' from chunk for https://www.nike.com/w/mens-shoes-nik1zy7ok
[2026-06-08 15:05:56] image -> 'https://static.nike.com/a/images/t_web_pw_592_v2/f_auto/u_126ab356-44d8-4a06-89b4-fcdcc8df0245,c_scale,fl_relative,w_1.0,h_1.0,fl_layer_apply/4fde2cc9-99ff-469a-81b3-e74ffe5be20f/AIR+JORDAN+4+RETRO.png'
[2026-06-08 15:05:56] Extracting field 'description' from chunk for https://www.nike.com/w/mens-shoes-nik1zy7ok
[2026-06-08 15:05:56] description -> ''
[2026-06-08 15:05:56] Extracting field 'name' from chunk for https://www.nike.com/w/mens-shoes-nik1zy7ok
[2026-06-08 15:05:56] name -> 'Air Jordan 3 "World\'s Best" Men\'s Shoes'
[2026-06-08 15:05:56] Extracting field 'price' from chunk for https://www.nike.com/w/mens-shoes-nik1zy7ok
[2026-06-08 15:05:56] price -> '$215'
[2026-06-08 15:05:56] Extracting field 'image' from chunk for https://www.nike.com/w/mens-shoes-nik1zy7ok
[2026-06-08 15:05:56] image -> 'https://static.nike.com/a/images/t_web_pw_592_v2/f_auto/u_126ab356-44d8-4a06-89b4-fcdcc8df0245,c_scale,fl_relative,w_1.0,h_1.0,fl_layer_apply/31313d8b-c313-4270-91d8-f03d8078f960/AIR+JORDAN+3+RETRO+OG.png'
[2026-06-08 15:05:56] Extracting field 'description' from chunk for https://www.nike.com/w/mens-shoes-nik1zy7ok
[2026-06-08 15:05:56] description -> ''
[2026-06-08 15:05:56] Extracting field 'name' from chunk for https://www.nike.com/w/mens-shoes-nik1zy7ok
[2026-06-08 15:05:56] name -> "Nike Pegasus Premium Men's Road Running Shoes"
[2026-06-08 15:05:56] Extracting field 'price' from chunk for https://www.nike.com/w/mens-shoes-nik1zy7ok
[2026-06-08 15:05:56] price -> '$220'
[2026-06-08 15:05:56] Extracting field 'image' from chunk for https://www.nike.com/w/mens-shoes-nik1zy7ok
[2026-06-08 15:05:56] image -> "Best Seller Nike Pegasus Premium Men's Road Running Shoes $220"
[2026-06-08 15:05:56] Extracting field 'description' from chunk for https://www.nike.com/w/mens-shoes-nik1zy7ok
[2026-06-08 15:05:56] description -> ''
[2026-06-08 15:05:56] Extracting field 'name' from chunk for https://www.nike.com/w/mens-shoes-nik1zy7ok
[2026-06-08 15:05:56] name -> "Nike Vomero Premium Men's Road Running Shoes"
[2026-06-08 15:05:56] Extracting field 'price' from chunk for https://www.nike.com/w/mens-shoes-nik1zy7ok
[2026-06-08 15:05:56] price -> '$230'
[2026-06-08 15:05:56] Extracting field 'image' from chunk for https://www.nike.com/w/mens-shoes-nik1zy7ok
[2026-06-08 15:05:56] image -> "Best Seller Nike Vomero Premium Men's Road Running Shoes $230"
[2026-06-08 15:05:56] Extracting field 'description' from chunk for https://www.nike.com/w/mens-shoes-nik1zy7ok
[2026-06-08 15:05:56] description -> ''
[2026-06-08 15:05:56] Extracting field 'name' from chunk for https://www.nike.com/w/mens-shoes-nik1zy7ok
[2026-06-08 15:05:56] name -> 'Nike Air Max 90 "Hypervenom" Men\'s Shoes'
[2026-06-08 15:05:56] Extracting field 'price' from chunk for https://www.nike.com/w/mens-shoes-nik1zy7ok
[2026-06-08 15:05:56] price -> '$150'
[2026-06-08 15:05:56] Extracting field 'image' from chunk for https://www.nike.com/w/mens-shoes-nik1zy7ok
[2026-06-08 15:05:56] image -> 'https://static.nike.com/a/images/t_web_pw_592_v2/f_auto/u_9ddf04c7-2a9a-4d76-add1-d15af8f0263d,c_scale,fl_relative,w_1.0,h_1.0,fl_layer_apply/26e2f0d9-ff3e-40b7-9fc9-17875215b199/AIR+MAX+90.png'
[2026-06-08 15:05:56] Extracting field 'description' from chunk for https://www.nike.com/w/mens-shoes-nik1zy7ok
[2026-06-08 15:05:56] description -> ''
[2026-06-08 15:05:56] Extracting field 'name' from chunk for https://www.nike.com/w/mens-shoes-nik1zy7ok
[2026-06-08 15:05:56] name -> 'Nike Air Max 90 "Mercurial" Men\'s Shoes'
[2026-06-08 15:05:56] Extracting field 'price' from chunk for https://www.nike.com/w/mens-shoes-nik1zy7ok
[2026-06-08 15:05:56] price -> '$150'
[2026-06-08 15:05:56] Extracting field 'image' from chunk for https://www.nike.com/w/mens-shoes-nik1zy7ok
[2026-06-08 15:05:56] image -> 'https://static.nike.com/a/images/t_web_pw_592_v2/f_auto/u_9ddf04c7-2a9a-4d76-add1-d15af8f0263d,c_scale,fl_relative,w_1.0,h_1.0,fl_layer_apply/49c3e628-1b11-444b-b05c-546e94ad6bae/AIR+MAX+90+SE.png'
[2026-06-08 15:05:56] Extracting field 'description' from chunk for https://www.nike.com/w/mens-shoes-nik1zy7ok
[2026-06-08 15:05:56] description -> ''
[2026-06-08 15:05:56] Extracting field 'name' from chunk for https://www.nike.com/w/mens-shoes-nik1zy7ok
[2026-06-08 15:05:56] name -> 'Nike Air Max 90 "Tiempo" Men\'s Shoes'
[2026-06-08 15:05:56] Extracting field 'price' from chunk for https://www.nike.com/w/mens-shoes-nik1zy7ok
[2026-06-08 15:05:56] price -> '$150'
[2026-06-08 15:05:56] Extracting field 'image' from chunk for https://www.nike.com/w/mens-shoes-nik1zy7ok
[2026-06-08 15:05:56] image -> 'https://static.nike.com/a/images/t_web_pw_592_v2/f_auto/u_9ddf04c7-2a9a-4d76-add1-d15af8f0263d,c_scale,fl_relative,w_1.0,h_1.0,fl_layer_apply/08876b1e-0faf-4f60-a45c-2a0e30468fd4/AIR+MAX+90.png'
[2026-06-08 15:05:56] Extracting field 'description' from chunk for https://www.nike.com/w/mens-shoes-nik1zy7ok
[2026-06-08 15:05:56] description -> ''
[2026-06-08 15:05:56] Extracting field 'name' from chunk for https://www.nike.com/w/mens-shoes-nik1zy7ok
[2026-06-08 15:05:56] name -> "Nike Air Max 95 Big Bubble Women's Shoes"
[2026-06-08 15:05:56] Extracting field 'price' from chunk for https://www.nike.com/w/mens-shoes-nik1zy7ok
[2026-06-08 15:05:56] price -> '$190'
[2026-06-08 15:05:56] Extracting field 'image' from chunk for https://www.nike.com/w/mens-shoes-nik1zy7ok
[2026-06-08 15:05:56] image -> "Just In Nike Air Max 95 Big Bubble Women's Shoes $190"
[2026-06-08 15:05:56] Extracting field 'description' from chunk for https://www.nike.com/w/mens-shoes-nik1zy7ok
[2026-06-08 15:05:56] description -> ''
[2026-06-08 15:05:56] Extracting field 'name' from chunk for https://www.nike.com/w/mens-shoes-nik1zy7ok
[2026-06-08 15:05:56] name -> "Nike Tennis Classic Men's Shoes"
[2026-06-08 15:05:56] Extracting field 'price' from chunk for https://www.nike.com/w/mens-shoes-nik1zy7ok
[2026-06-08 15:05:56] price -> '$105'
[2026-06-08 15:05:56] Extracting field 'image' from chunk for https://www.nike.com/w/mens-shoes-nik1zy7ok
[2026-06-08 15:05:56] image -> "Nike Tennis Classic Men's Shoes $105"
[2026-06-08 15:05:56] Extracting field 'description' from chunk for https://www.nike.com/w/mens-shoes-nik1zy7ok
[2026-06-08 15:05:56] description -> ''
[2026-06-08 15:05:56] Extracting field 'name' from chunk for https://www.nike.com/w/mens-shoes-nik1zy7ok
[2026-06-08 15:05:56] name -> "Nike Tennis Classic PRM Men's Terry Shoes"
[2026-06-08 15:05:56] Extracting field 'price' from chunk for https://www.nike.com/w/mens-shoes-nik1zy7ok
[2026-06-08 15:05:56] price -> '$125'
[2026-06-08 15:05:56] Extracting field 'image' from chunk for https://www.nike.com/w/mens-shoes-nik1zy7ok
[2026-06-08 15:05:56] image -> "Nike Tennis Classic PRM Men's Terry Shoes $125"
[2026-06-08 15:05:56] Extracting field 'description' from chunk for https://www.nike.com/w/mens-shoes-nik1zy7ok
[2026-06-08 15:05:56] description -> ''
[2026-06-08 15:05:56] Extracting field 'name' from chunk for https://www.nike.com/w/mens-shoes-nik1zy7ok
[2026-06-08 15:05:56] name -> 'Nike G.T. Cut 4 "Victor Wembanyama" Basketball Shoes'
[2026-06-08 15:05:56] Extracting field 'price' from chunk for https://www.nike.com/w/mens-shoes-nik1zy7ok
[2026-06-08 15:05:56] price -> '$210'
[2026-06-08 15:05:56] Extracting field 'image' from chunk for https://www.nike.com/w/mens-shoes-nik1zy7ok
[2026-06-08 15:05:56] image -> 'Nike G.T. Cut 4 "Victor Wembanyama" Basketball Shoes $210'
[2026-06-08 15:05:56] Extracting field 'description' from chunk for https://www.nike.com/w/mens-shoes-nik1zy7ok
[2026-06-08 15:05:56] description -> ''
[2026-06-08 15:05:56] Extracting field 'name' from chunk for https://www.nike.com/w/mens-shoes-nik1zy7ok
[2026-06-08 15:05:56] name -> 'Ja 3 x "Kool-Aid" Basketball Shoes'
[2026-06-08 15:05:56] Extracting field 'price' from chunk for https://www.nike.com/w/mens-shoes-nik1zy7ok
[2026-06-08 15:05:56] price -> '$135'
[2026-06-08 15:05:56] Extracting field 'image' from chunk for https://www.nike.com/w/mens-shoes-nik1zy7ok
[2026-06-08 15:05:56] image -> 'Ja 3 x "Kool-Aid" Basketball Shoes $135'
[2026-06-08 15:05:56] Extracting field 'description' from chunk for https://www.nike.com/w/mens-shoes-nik1zy7ok
[2026-06-08 15:05:56] description -> ''
[2026-06-08 15:05:56] Extracting field 'name' from chunk for https://www.nike.com/w/mens-shoes-nik1zy7ok
[2026-06-08 15:05:56] name -> "Nike Air DT Max '96 Low Men's Shoes"
[2026-06-08 15:05:56] Extracting field 'price' from chunk for https://www.nike.com/w/mens-shoes-nik1zy7ok
[2026-06-08 15:05:56] price -> '$170'
[2026-06-08 15:05:56] Extracting field 'image' from chunk for https://www.nike.com/w/mens-shoes-nik1zy7ok
[2026-06-08 15:05:56] image -> 'https://static.nike.com/a/images/t_web_pw_592_v2/f_auto/u_9ddf04c7-2a9a-4d76-add1-d15af8f0263d,c_scale,fl_relative,w_1.0,h_1.0,fl_layer_apply/2c602677-0efe-443f-a23b-a7b59b0442ba/AIR+DT+MAX+%2796+LOW.png'
[2026-06-08 15:05:56] Extracting field 'description' from chunk for https://www.nike.com/w/mens-shoes-nik1zy7ok
[2026-06-08 15:05:56] description -> ''
[2026-06-08 15:05:56] Extracting field 'name' from chunk for https://www.nike.com/w/mens-shoes-nik1zy7ok
[2026-06-08 15:05:56] name -> 'Nike Diamond Turf 96 TD Football Cleats'
[2026-06-08 15:05:56] Extracting field 'price' from chunk for https://www.nike.com/w/mens-shoes-nik1zy7ok
[2026-06-08 15:05:56] price -> '$220'
[2026-06-08 15:05:56] Extracting field 'image' from chunk for https://www.nike.com/w/mens-shoes-nik1zy7ok
[2026-06-08 15:05:56] image -> 'https://static.nike.com/a/images/t_web_pw_592_v2/f_auto/u_9ddf04c7-2a9a-4d76-add1-d15af8f0263d,c_scale,fl_relative,w_1.0,h_1.0,fl_layer_apply/d406fee5-94eb-4d71-8669-f24fd61527a4/DIAMOND+TURF+96+TD.png'
[2026-06-08 15:05:56] Extracting field 'description' from chunk for https://www.nike.com/w/mens-shoes-nik1zy7ok
[2026-06-08 15:05:56] description -> ''
[2026-06-08 15:05:56] Extracting field 'name' from chunk for https://www.nike.com/w/mens-shoes-nik1zy7ok
[2026-06-08 15:05:56] name -> 'Air Jordan 1 Retro Low OG "Banned" Men\'s Shoes'
[2026-06-08 15:05:56] Extracting field 'price' from chunk for https://www.nike.com/w/mens-shoes-nik1zy7ok
[2026-06-08 15:05:56] price -> '$145'
[2026-06-08 15:05:56] Extracting field 'image' from chunk for https://www.nike.com/w/mens-shoes-nik1zy7ok
[2026-06-08 15:05:56] image -> 'https://static.nike.com/a/images/t_web_pw_592_v2/f_auto/u_126ab356-44d8-4a06-89b4-fcdcc8df0245,c_scale,fl_relative,w_1.0,h_1.0,fl_layer_apply/ba9c1273-c857-431c-8ec7-f97aa861ed69/AIR+JORDAN+1+RETRO+LOW+OG.png'
[2026-06-08 15:05:56] Extracting field 'description' from chunk for https://www.nike.com/w/mens-shoes-nik1zy7ok
[2026-06-08 15:05:56] description -> ''
[2026-06-08 15:05:56] Extracting field 'name' from chunk for https://www.nike.com/w/mens-shoes-nik1zy7ok
[2026-06-08 15:05:56] name -> 'Air Jordan 1 High OG "Khaki" Women\'s Shoes'
[2026-06-08 15:05:56] Extracting field 'price' from chunk for https://www.nike.com/w/mens-shoes-nik1zy7ok
[2026-06-08 15:05:56] price -> '$185'
[2026-06-08 15:05:56] Extracting field 'image' from chunk for https://www.nike.com/w/mens-shoes-nik1zy7ok
[2026-06-08 15:05:56] image -> 'https://static.nike.com/a/images/t_web_pw_592_v2/f_auto/u_126ab356-44d8-4a06-89b4-fcdcc8df0245,c_scale,fl_relative,w_1.0,h_1.0,fl_layer_apply/0264677b-c726-4a85-9def-a6082a1768ad/WMNS+AIR+JORDAN+1+RETRO+HI+OG.png'
[2026-06-08 15:05:56] Extracting field 'description' from chunk for https://www.nike.com/w/mens-shoes-nik1zy7ok
[2026-06-08 15:05:56] description -> ''
[2026-06-08 15:05:56] Extracting field 'name' from chunk for https://www.nike.com/w/mens-shoes-nik1zy7ok
[2026-06-08 15:05:56] name -> 'Nike Dunk Low SE "LNY" Men\'s Shoes'
[2026-06-08 15:05:56] Extracting field 'price' from chunk for https://www.nike.com/w/mens-shoes-nik1zy7ok
[2026-06-08 15:05:56] price -> '$97.97 $130 24% off'
[2026-06-08 15:05:56] Extracting field 'image' from chunk for https://www.nike.com/w/mens-shoes-nik1zy7ok
[2026-06-08 15:05:56] image -> 'Nike Dunk Low SE "LNY" Men\'s Shoes $97.97 $130 24% off'
[2026-06-08 15:05:56] Extracting field 'description' from chunk for https://www.nike.com/w/mens-shoes-nik1zy7ok
[2026-06-08 15:05:56] description -> ''
[2026-06-08 15:05:56] Extracting field 'name' from chunk for https://www.nike.com/w/mens-shoes-nik1zy7ok
[2026-06-08 15:05:56] name -> "Nike Air Force 1 '07 RealTree Men's Shoes"
[2026-06-08 15:05:56] Extracting field 'price' from chunk for https://www.nike.com/w/mens-shoes-nik1zy7ok
[2026-06-08 15:05:56] price -> '$76.97 $125 38% off'
[2026-06-08 15:05:56] Extracting field 'image' from chunk for https://www.nike.com/w/mens-shoes-nik1zy7ok
[2026-06-08 15:05:56] image -> "Nike Air Force 1 '07 RealTree Men's Shoes $76.97 $125 38% off"
[2026-06-08 15:05:56] Extracting field 'description' from chunk for https://www.nike.com/w/mens-shoes-nik1zy7ok
[2026-06-08 15:05:56] description -> ''
[2026-06-08 15:05:56] Extracting field 'name' from chunk for https://www.nike.com/w/mens-shoes-nik1zy7ok
[2026-06-08 15:05:56] name -> "ACG Zegama Trail Men's Trail Running Shoes"
[2026-06-08 15:05:56] Extracting field 'price' from chunk for https://www.nike.com/w/mens-shoes-nik1zy7ok
[2026-06-08 15:05:56] price -> '$180'
[2026-06-08 15:05:56] Extracting field 'image' from chunk for https://www.nike.com/w/mens-shoes-nik1zy7ok
[2026-06-08 15:05:56] image -> "ACG Zegama Trail Men's Trail Running Shoes $180"
[2026-06-08 15:05:56] Extracting field 'description' from chunk for https://www.nike.com/w/mens-shoes-nik1zy7ok
[2026-06-08 15:05:56] description -> ''
[2026-06-08 15:05:56] Extracting field 'name' from chunk for https://www.nike.com/w/mens-shoes-nik1zy7ok
[2026-06-08 15:05:56] name -> "Nike ACG Pegasus Trail Men's Trail Running Shoes"
[2026-06-08 15:05:56] Extracting field 'price' from chunk for https://www.nike.com/w/mens-shoes-nik1zy7ok
[2026-06-08 15:05:56] price -> '$155'
[2026-06-08 15:05:56] Extracting field 'image' from chunk for https://www.nike.com/w/mens-shoes-nik1zy7ok
[2026-06-08 15:05:56] image -> "Nike ACG Pegasus Trail Men's Trail Running Shoes $155"
[2026-06-08 15:05:56] Extracting field 'description' from chunk for https://www.nike.com/w/mens-shoes-nik1zy7ok
[2026-06-08 15:05:56] description -> ''
[2026-06-08 15:05:56] Extracting field 'name' from chunk for https://www.nike.com/w/mens-shoes-nik1zy7ok
[2026-06-08 15:05:57] name -> 'Nike Phantom 6 High Elite LV8 Firm-Ground Soccer Cleats'
[2026-06-08 15:05:57] Extracting field 'price' from chunk for https://www.nike.com/w/mens-shoes-nik1zy7ok
[2026-06-08 15:05:57] price -> '$295'
[2026-06-08 15:05:57] Extracting field 'image' from chunk for https://www.nike.com/w/mens-shoes-nik1zy7ok
[2026-06-08 15:05:57] image -> 'Nike Phantom 6 High Elite LV8 Firm-Ground Soccer Cleats $295'
[2026-06-08 15:05:57] Extracting field 'description' from chunk for https://www.nike.com/w/mens-shoes-nik1zy7ok
[2026-06-08 15:05:57] description -> ''
[2026-06-08 15:05:57] Extracting field 'name' from chunk for https://www.nike.com/w/mens-shoes-nik1zy7ok
[2026-06-08 15:05:57] name -> "Nike Air Max Big Bubble Men's Shoes"
[2026-06-08 15:05:57] Extracting field 'price' from chunk for https://www.nike.com/w/mens-shoes-nik1zy7ok
[2026-06-08 15:05:57] price -> '$200'
[2026-06-08 15:05:57] Extracting field 'image' from chunk for https://www.nike.com/w/mens-shoes-nik1zy7ok
[2026-06-08 15:05:57] image -> "Nike Air Max Big Bubble Men's Shoes $200"
[2026-06-08 15:05:57] Extracting field 'description' from chunk for https://www.nike.com/w/mens-shoes-nik1zy7ok
[2026-06-08 15:05:57] description -> ''
[2026-06-08 15:05:57] Extracting field 'name' from chunk for https://www.nike.com/w/mens-shoes-nik1zy7ok
[2026-06-08 15:05:57] name -> "Nike Shox R4 Men's Shoes"
[2026-06-08 15:05:57] Extracting field 'price' from chunk for https://www.nike.com/w/mens-shoes-nik1zy7ok
[2026-06-08 15:05:57] price -> '$155'
[2026-06-08 15:05:57] Extracting field 'image' from chunk for https://www.nike.com/w/mens-shoes-nik1zy7ok
[2026-06-08 15:05:57] image -> "Nike Shox R4 Men's Shoes $155"
[2026-06-08 15:05:57] Extracting field 'description' from chunk for https://www.nike.com/w/mens-shoes-nik1zy7ok
[2026-06-08 15:05:57] description -> ''
[2026-06-08 15:05:57] Extracting field 'name' from chunk for https://www.nike.com/w/mens-shoes-nik1zy7ok
[2026-06-08 15:05:57] name -> 'Sabrina 3 "WNBA 30th" Basketball Shoes'
[2026-06-08 15:05:57] Extracting field 'price' from chunk for https://www.nike.com/w/mens-shoes-nik1zy7ok
[2026-06-08 15:05:57] price -> '$145'
[2026-06-08 15:05:57] Extracting field 'image' from chunk for https://www.nike.com/w/mens-shoes-nik1zy7ok
[2026-06-08 15:05:57] image -> 'Sabrina 3 "WNBA 30th" Basketball Shoes $145'
[2026-06-08 15:05:57] Extracting field 'description' from chunk for https://www.nike.com/w/mens-shoes-nik1zy7ok
[2026-06-08 15:05:57] description -> ''
[2026-06-08 15:05:57] Extracting field 'name' from chunk for https://www.nike.com/w/mens-shoes-nik1zy7ok
[2026-06-08 15:05:57] name -> 'LeBron XXIII "Old Glory" Basketball Shoes'
[2026-06-08 15:05:57] Extracting field 'price' from chunk for https://www.nike.com/w/mens-shoes-nik1zy7ok
[2026-06-08 15:05:57] price -> '$210'
[2026-06-08 15:05:57] Extracting field 'image' from chunk for https://www.nike.com/w/mens-shoes-nik1zy7ok
[2026-06-08 15:05:57] image -> 'LeBron XXIII "Old Glory" Basketball Shoes $210'
[2026-06-08 15:05:57] Extracting field 'description' from chunk for https://www.nike.com/w/mens-shoes-nik1zy7ok
[2026-06-08 15:05:57] description -> ''
[2026-06-08 15:05:57] Extracting field 'name' from chunk for https://www.nike.com/w/mens-shoes-nik1zy7ok
[2026-06-08 15:05:57] name -> "Nike Air Max Moto 2K Men's Shoes"
[2026-06-08 15:05:57] Extracting field 'price' from chunk for https://www.nike.com/w/mens-shoes-nik1zy7ok
[2026-06-08 15:05:57] price -> '$135'
[2026-06-08 15:05:57] Extracting field 'image' from chunk for https://www.nike.com/w/mens-shoes-nik1zy7ok
[2026-06-08 15:05:57] image -> "Nike Air Max Moto 2K Men's Shoes $135 See Price in Bag"
[2026-06-08 15:05:57] Extracting field 'description' from chunk for https://www.nike.com/w/mens-shoes-nik1zy7ok
[2026-06-08 15:05:57] description -> ''
[2026-06-08 15:05:57] Extracting field 'name' from chunk for https://www.nike.com/w/mens-shoes-nik1zy7ok
[2026-06-08 15:05:57] name -> "Nike Air Force 1 '07 Men's Shoes"
[2026-06-08 15:05:57] Extracting field 'price' from chunk for https://www.nike.com/w/mens-shoes-nik1zy7ok
[2026-06-08 15:05:57] price -> '$115'
[2026-06-08 15:05:57] Extracting field 'image' from chunk for https://www.nike.com/w/mens-shoes-nik1zy7ok
[2026-06-08 15:05:57] image -> "Nike Air Force 1 '07 Men's Shoes $115"
[2026-06-08 15:05:57] Extracting field 'description' from chunk for https://www.nike.com/w/mens-shoes-nik1zy7ok
[2026-06-08 15:05:57] description -> ''
[2026-06-08 15:05:57] Extracting field 'name' from chunk for https://www.nike.com/w/mens-shoes-nik1zy7ok
[2026-06-08 15:05:57] name -> 'Nike NEXT% TOUR 3 Golf Shoes'
[2026-06-08 15:05:57] Extracting field 'price' from chunk for https://www.nike.com/w/mens-shoes-nik1zy7ok
[2026-06-08 15:05:57] price -> '$200'
[2026-06-08 15:05:57] Extracting field 'image' from chunk for https://www.nike.com/w/mens-shoes-nik1zy7ok
[2026-06-08 15:05:57] image -> 'Nike NEXT% TOUR 3 Golf Shoes $200'
[2026-06-08 15:05:57] Extracting field 'description' from chunk for https://www.nike.com/w/mens-shoes-nik1zy7ok
[2026-06-08 15:05:57] description -> ''
[2026-06-08 15:05:57] Extracting field 'name' from chunk for https://www.nike.com/w/mens-shoes-nik1zy7ok
[2026-06-08 15:05:57] name -> 'Nike Pegasus 1 G Golf Shoes'
[2026-06-08 15:05:57] Extracting field 'price' from chunk for https://www.nike.com/w/mens-shoes-nik1zy7ok
[2026-06-08 15:05:57] price -> '$170'
[2026-06-08 15:05:57] Extracting field 'image' from chunk for https://www.nike.com/w/mens-shoes-nik1zy7ok
[2026-06-08 15:05:57] image -> 'Nike Pegasus 1 G Golf Shoes $170'
[2026-06-08 15:05:57] Extracting field 'description' from chunk for https://www.nike.com/w/mens-shoes-nik1zy7ok
[2026-06-08 15:05:57] description -> ''
[2026-06-08 15:05:57] Extracting field 'name' from chunk for https://www.nike.com/w/mens-shoes-nik1zy7ok
[2026-06-08 15:05:57] name -> "Nike Zoom Vapor 12 PRM Men's Clay Court Tennis Shoes"
[2026-06-08 15:05:57] Extracting field 'price' from chunk for https://www.nike.com/w/mens-shoes-nik1zy7ok
[2026-06-08 15:05:57] price -> '$180'
[2026-06-08 15:05:57] Extracting field 'image' from chunk for https://www.nike.com/w/mens-shoes-nik1zy7ok
[2026-06-08 15:05:57] image -> "Nike Zoom Vapor 12 PRM Men's Clay Court Tennis Shoes $180"
[2026-06-08 15:05:57] Extracting field 'description' from chunk for https://www.nike.com/w/mens-shoes-nik1zy7ok
[2026-06-08 15:05:57] description -> ''
[2026-06-08 15:05:57] Extracting field 'name' from chunk for https://www.nike.com/w/mens-shoes-nik1zy7ok
[2026-06-08 15:05:57] name -> "Nike Zoom GP Challenge 1.5 PRM Men's Hard Court Tennis Shoes"
[2026-06-08 15:05:57] Extracting field 'price' from chunk for https://www.nike.com/w/mens-shoes-nik1zy7ok
[2026-06-08 15:05:57] price -> '$180'
[2026-06-08 15:05:57] Extracting field 'image' from chunk for https://www.nike.com/w/mens-shoes-nik1zy7ok
[2026-06-08 15:05:57] image -> "Nike Zoom GP Challenge 1.5 PRM Men's Hard Court Tennis Shoes $180"
[2026-06-08 15:05:57] Extracting field 'description' from chunk for https://www.nike.com/w/mens-shoes-nik1zy7ok
[2026-06-08 15:05:57] description -> ''
[2026-06-08 15:05:57] Extracting field 'name' from chunk for https://www.nike.com/w/mens-shoes-nik1zy7ok
[2026-06-08 15:05:57] name -> "Nike Air Force 1 '07 Men's Shoes"
[2026-06-08 15:05:57] Extracting field 'price' from chunk for https://www.nike.com/w/mens-shoes-nik1zy7ok
[2026-06-08 15:05:57] price -> '$115'
[2026-06-08 15:05:57] Extracting field 'image' from chunk for https://www.nike.com/w/mens-shoes-nik1zy7ok
[2026-06-08 15:05:57] image -> "Best Seller Nike Air Force 1 '07 Men's Shoes $115"
[2026-06-08 15:05:57] Extracting field 'description' from chunk for https://www.nike.com/w/mens-shoes-nik1zy7ok
[2026-06-08 15:05:57] description -> ''
[2026-06-08 15:05:57] Extracting field 'name' from chunk for https://www.nike.com/w/mens-shoes-nik1zy7ok
[2026-06-08 15:05:57] name -> "Nike Air Force 1 '07 LV8 Men's Shoes"
[2026-06-08 15:05:57] Extracting field 'price' from chunk for https://www.nike.com/w/mens-shoes-nik1zy7ok
[2026-06-08 15:05:57] price -> '$115'
[2026-06-08 15:05:57] Extracting field 'image' from chunk for https://www.nike.com/w/mens-shoes-nik1zy7ok
[2026-06-08 15:05:57] image -> "Nike Air Force 1 '07 LV8 Men's Shoes $115"
[2026-06-08 15:05:57] Extracting field 'description' from chunk for https://www.nike.com/w/mens-shoes-nik1zy7ok
[2026-06-08 15:05:57] description -> ''
[2026-06-08 15:05:57] Extracting field 'name' from chunk for https://www.nike.com/w/mens-shoes-nik1zy7ok
[2026-06-08 15:05:57] name -> 'Air Jordan 5 Retro OG "White Metallic" Men\'s Shoes'
[2026-06-08 15:05:57] Extracting field 'price' from chunk for https://www.nike.com/w/mens-shoes-nik1zy7ok
[2026-06-08 15:05:57] price -> '$215'
[2026-06-08 15:05:57] Extracting field 'image' from chunk for https://www.nike.com/w/mens-shoes-nik1zy7ok
[2026-06-08 15:05:57] image -> 'https://static.nike.com/a/images/t_web_pw_592_v2/f_auto/u_126ab356-44d8-4a06-89b4-fcdcc8df0245,c_scale,fl_relative,w_1.0,h_1.0,fl_layer_apply/1239e8e9-f586-46f3-b9dc-cb67d029368c/AIR+JORDAN+5+RETRO+OG.png'
[2026-06-08 15:05:57] Extracting field 'description' from chunk for https://www.nike.com/w/mens-shoes-nik1zy7ok
[2026-06-08 15:05:57] description -> ''
[2026-06-08 15:05:57] Extracting field 'name' from chunk for https://www.nike.com/w/mens-shoes-nik1zy7ok
[2026-06-08 15:05:57] name -> 'Air Jordan 11 Retro Low "University Blue" Men\'s Shoes'
[2026-06-08 15:05:57] Extracting field 'price' from chunk for https://www.nike.com/w/mens-shoes-nik1zy7ok
[2026-06-08 15:05:57] price -> '$195'
[2026-06-08 15:05:57] Extracting field 'image' from chunk for https://www.nike.com/w/mens-shoes-nik1zy7ok
[2026-06-08 15:05:57] image -> 'https://static.nike.com/a/images/t_web_pw_592_v2/f_auto/u_126ab356-44d8-4a06-89b4-fcdcc8df0245,c_scale,fl_relative,w_1.0,h_1.0,fl_layer_apply/7b368064-2bbe-4034-9400-a8a60730667d/AIR+JORDAN+11+RETRO+LOW.png'
[2026-06-08 15:05:57] Extracting field 'description' from chunk for https://www.nike.com/w/mens-shoes-nik1zy7ok
[2026-06-08 15:05:57] description -> ''
[2026-06-08 15:05:57] Extracting field 'name' from chunk for https://www.nike.com/w/mens-shoes-nik1zy7ok
[2026-06-08 15:05:57] name -> "Nike Zoom Vomero 5 Men's Shoes"
[2026-06-08 15:05:57] Extracting field 'price' from chunk for https://www.nike.com/w/mens-shoes-nik1zy7ok
[2026-06-08 15:05:57] price -> '$170'
[2026-06-08 15:05:57] Extracting field 'image' from chunk for https://www.nike.com/w/mens-shoes-nik1zy7ok
[2026-06-08 15:05:57] image -> "Nike Zoom Vomero 5 Men's Shoes $170"
[2026-06-08 15:05:57] Extracting field 'description' from chunk for https://www.nike.com/w/mens-shoes-nik1zy7ok
[2026-06-08 15:05:57] description -> ''
[2026-06-08 15:05:57] Extracting field 'name' from chunk for https://www.nike.com/w/mens-shoes-nik1zy7ok
[2026-06-08 15:05:57] name -> 'Nike Ava Rover Shoes'
[2026-06-08 15:05:57] Extracting field 'price' from chunk for https://www.nike.com/w/mens-shoes-nik1zy7ok
[2026-06-08 15:05:57] price -> '$145'
[2026-06-08 15:05:57] Extracting field 'image' from chunk for https://www.nike.com/w/mens-shoes-nik1zy7ok
[2026-06-08 15:05:57] image -> 'Recycled Materials Nike Ava Rover Shoes $145 See Price in Bag'
[2026-06-08 15:05:57] Extracting field 'description' from chunk for https://www.nike.com/w/mens-shoes-nik1zy7ok
[2026-06-08 15:05:57] description -> ''
[2026-06-08 15:05:57] Extracting field 'name' from chunk for https://www.nike.com/w/mens-shoes-nik1zy7ok
[2026-06-08 15:05:57] name -> "Nike Ava Rover Premium Men's Shoes"
[2026-06-08 15:05:57] Extracting field 'price' from chunk for https://www.nike.com/w/mens-shoes-nik1zy7ok
[2026-06-08 15:05:57] price -> '$155'
[2026-06-08 15:05:57] Extracting field 'image' from chunk for https://www.nike.com/w/mens-shoes-nik1zy7ok
[2026-06-08 15:05:57] image -> "Nike Ava Rover Premium Men's Shoes $155 See Price in Bag"
[2026-06-08 15:05:57] Extracting field 'description' from chunk for https://www.nike.com/w/mens-shoes-nik1zy7ok
[2026-06-08 15:05:57] description -> ''
[2026-06-08 15:05:57] Extracting field 'name' from chunk for https://www.nike.com/w/mens-shoes-nik1zy7ok
[2026-06-08 15:05:57] name -> "Nike Ava X Men's Shoes"
[2026-06-08 15:05:57] Extracting field 'price' from chunk for https://www.nike.com/w/mens-shoes-nik1zy7ok
[2026-06-08 15:05:57] price -> '$125'
[2026-06-08 15:05:57] Extracting field 'image' from chunk for https://www.nike.com/w/mens-shoes-nik1zy7ok
[2026-06-08 15:05:57] image -> "Nike Ava X Men's Shoes $125"
[2026-06-08 15:05:57] Extracting field 'description' from chunk for https://www.nike.com/w/mens-shoes-nik1zy7ok
[2026-06-08 15:05:57] description -> ''
[2026-06-08 15:05:57] Extracting field 'name' from chunk for https://www.nike.com/w/mens-shoes-nik1zy7ok
[2026-06-08 15:05:57] name -> "Nike Vomero Plus Men's Realtree® Road Running Shoes"
[2026-06-08 15:05:57] Extracting field 'price' from chunk for https://www.nike.com/w/mens-shoes-nik1zy7ok
[2026-06-08 15:05:57] price -> '$190'
[2026-06-08 15:05:57] Extracting field 'image' from chunk for https://www.nike.com/w/mens-shoes-nik1zy7ok
[2026-06-08 15:05:57] image -> "Nike Vomero Plus Men's Realtree® Road Running Shoes $190"
[2026-06-08 15:05:57] Extracting field 'description' from chunk for https://www.nike.com/w/mens-shoes-nik1zy7ok
[2026-06-08 15:05:57] description -> ''
[2026-06-08 15:05:57] Extracting field 'name' from chunk for https://www.nike.com/w/mens-shoes-nik1zy7ok
[2026-06-08 15:05:57] name -> "Nike Dunk Low Retro Men's Shoes"
[2026-06-08 15:05:57] Extracting field 'price' from chunk for https://www.nike.com/w/mens-shoes-nik1zy7ok
[2026-06-08 15:05:57] price -> '$120'
[2026-06-08 15:05:57] Extracting field 'image' from chunk for https://www.nike.com/w/mens-shoes-nik1zy7ok
[2026-06-08 15:05:57] image -> "Nike Dunk Low Retro Men's Shoes $120"
[2026-06-08 15:05:57] Extracting field 'description' from chunk for https://www.nike.com/w/mens-shoes-nik1zy7ok
[2026-06-08 15:05:57] description -> ''
[2026-06-08 15:05:57] Extracting field 'name' from chunk for https://www.nike.com/w/mens-shoes-nik1zy7ok
[2026-06-08 15:05:57] name -> "Nike Pegasus 42 Men's Road Running Shoes"
[2026-06-08 15:05:57] Extracting field 'price' from chunk for https://www.nike.com/w/mens-shoes-nik1zy7ok
[2026-06-08 15:05:57] price -> '$145'
[2026-06-08 15:05:57] Extracting field 'image' from chunk for https://www.nike.com/w/mens-shoes-nik1zy7ok
[2026-06-08 15:05:57] image -> "Best Seller Nike Pegasus 42 Men's Road Running Shoes $145"
[2026-06-08 15:05:57] Extracting field 'description' from chunk for https://www.nike.com/w/mens-shoes-nik1zy7ok
[2026-06-08 15:05:57] description -> ''
[2026-06-08 15:05:57] Extracting field 'name' from chunk for https://www.nike.com/w/mens-shoes-nik1zy7ok
[2026-06-08 15:05:57] name -> "Nike Structure 26 Men's Road Running Shoes"
[2026-06-08 15:05:57] Extracting field 'price' from chunk for https://www.nike.com/w/mens-shoes-nik1zy7ok
[2026-06-08 15:05:57] price -> '$145'
[2026-06-08 15:05:57] Extracting field 'image' from chunk for https://www.nike.com/w/mens-shoes-nik1zy7ok
[2026-06-08 15:05:57] image -> "Recycled Materials Nike Structure 26 Men's Road Running Shoes $145"
[2026-06-08 15:05:57] Extracting field 'description' from chunk for https://www.nike.com/w/mens-shoes-nik1zy7ok
[2026-06-08 15:05:57] description -> ''
[2026-06-08 15:05:57] Extracting field 'name' from chunk for https://www.nike.com/w/mens-shoes-nik1zy7ok
[2026-06-08 15:05:57] name -> "Air Jordan 1 Low SE Men's Shoes"
[2026-06-08 15:05:57] Extracting field 'price' from chunk for https://www.nike.com/w/mens-shoes-nik1zy7ok
[2026-06-08 15:05:57] price -> '$93.97 $130 27% off'
[2026-06-08 15:05:57] Extracting field 'image' from chunk for https://www.nike.com/w/mens-shoes-nik1zy7ok
[2026-06-08 15:05:57] image -> "Air Jordan 1 Low SE Men's Shoes $93.97 $130 27% off"
[2026-06-08 15:05:57] Extracting field 'description' from chunk for https://www.nike.com/w/mens-shoes-nik1zy7ok
[2026-06-08 15:05:57] description -> ''
[2026-06-08 15:05:57] Extracting field 'name' from chunk for https://www.nike.com/w/mens-shoes-nik1zy7ok
[2026-06-08 15:05:57] name -> 'Nike Phantom 6 Low Elite "Erling Haaland" Firm-Ground Soccer Cleats'
[2026-06-08 15:05:57] Extracting field 'price' from chunk for https://www.nike.com/w/mens-shoes-nik1zy7ok
[2026-06-08 15:05:57] price -> '$270'
[2026-06-08 15:05:57] Extracting field 'image' from chunk for https://www.nike.com/w/mens-shoes-nik1zy7ok
[2026-06-08 15:05:57] image -> 'Nike Phantom 6 Low Elite "Erling Haaland" Firm-Ground Soccer Cleats $270'
[2026-06-08 15:05:57] Extracting field 'description' from chunk for https://www.nike.com/w/mens-shoes-nik1zy7ok
[2026-06-08 15:05:57] description -> ''
[2026-06-08 15:05:57] Extracting field 'name' from chunk for https://www.nike.com/w/mens-shoes-nik1zy7ok
[2026-06-08 15:05:57] name -> 'Nike Phantom 6 Low Academy "Erling Haaland" Multi-Ground Soccer Cleats'
[2026-06-08 15:05:57] Extracting field 'price' from chunk for https://www.nike.com/w/mens-shoes-nik1zy7ok
[2026-06-08 15:05:57] price -> '$100'
[2026-06-08 15:05:57] Extracting field 'image' from chunk for https://www.nike.com/w/mens-shoes-nik1zy7ok
[2026-06-08 15:05:57] image -> 'Nike Phantom 6 Low Academy "Erling Haaland" Multi-Ground Soccer Cleats $100'
[2026-06-08 15:05:57] Extracting field 'description' from chunk for https://www.nike.com/w/mens-shoes-nik1zy7ok
[2026-06-08 15:05:57] description -> ''
[2026-06-08 15:05:57] Extracting field 'name' from chunk for https://www.nike.com/w/mens-shoes-nik1zy7ok
[2026-06-08 15:05:57] name -> "Nike Pegasus Trail 5 GORE-TEX Men's Waterproof Trail Running Shoes"
[2026-06-08 15:05:57] Extracting field 'price' from chunk for https://www.nike.com/w/mens-shoes-nik1zy7ok
[2026-06-08 15:05:57] price -> '$124.97 $180 30% off'
[2026-06-08 15:05:57] Extracting field 'image' from chunk for https://www.nike.com/w/mens-shoes-nik1zy7ok
[2026-06-08 15:05:57] image -> "Recycled Materials Nike Pegasus Trail 5 GORE-TEX Men's Waterproof Trail Running Shoes $124.97 $180 30% off"
[2026-06-08 15:05:57] Extracting field 'description' from chunk for https://www.nike.com/w/mens-shoes-nik1zy7ok
[2026-06-08 15:05:57] description -> ''
[2026-06-08 15:05:57] Extracting field 'name' from chunk for https://www.nike.com/w/mens-shoes-nik1zy7ok
[2026-06-08 15:05:57] name -> 'Nike Kiger 10 Trail Running Shoes'
[2026-06-08 15:05:57] Extracting field 'price' from chunk for https://www.nike.com/w/mens-shoes-nik1zy7ok
[2026-06-08 15:05:57] price -> '$136.97 $170 19% off'
[2026-06-08 15:05:57] Extracting field 'image' from chunk for https://www.nike.com/w/mens-shoes-nik1zy7ok
[2026-06-08 15:05:57] image -> 'Nike Kiger 10 Trail Running Shoes $136.97 $170 19% off'
[2026-06-08 15:05:57] Extracting field 'description' from chunk for https://www.nike.com/w/mens-shoes-nik1zy7ok
[2026-06-08 15:05:57] description -> ''
[2026-06-08 15:05:57] Extracting field 'name' from chunk for https://www.nike.com/w/mens-shoes-nik1zy7ok
[2026-06-08 15:05:57] name -> 'Nike Diamond Standout MTL Baseball Cleats'
[2026-06-08 15:05:57] Extracting field 'price' from chunk for https://www.nike.com/w/mens-shoes-nik1zy7ok
[2026-06-08 15:05:57] price -> '$140'
[2026-06-08 15:05:57] Extracting field 'image' from chunk for https://www.nike.com/w/mens-shoes-nik1zy7ok
[2026-06-08 15:05:57] image -> 'Nike Diamond Standout MTL Baseball Cleats $140'
[2026-06-08 15:05:57] Extracting field 'description' from chunk for https://www.nike.com/w/mens-shoes-nik1zy7ok
[2026-06-08 15:05:57] description -> ''
[2026-06-08 15:05:57] Extracting field 'name' from chunk for https://www.nike.com/w/mens-shoes-nik1zy7ok
[2026-06-08 15:05:57] name -> 'Nike Diamond Showcase MCS Baseball Cleats'
[2026-06-08 15:05:57] Extracting field 'price' from chunk for https://www.nike.com/w/mens-shoes-nik1zy7ok
[2026-06-08 15:05:57] price -> '$110'
[2026-06-08 15:05:57] Extracting field 'image' from chunk for https://www.nike.com/w/mens-shoes-nik1zy7ok
[2026-06-08 15:05:57] image -> 'Nike Diamond Showcase MCS Baseball Cleats $110 See Price in Bag'
[2026-06-08 15:05:57] Extracting field 'description' from chunk for https://www.nike.com/w/mens-shoes-nik1zy7ok
[2026-06-08 15:05:57] description -> ''
[2026-06-08 15:05:57] Extracting field 'name' from chunk for https://www.nike.com/w/mens-shoes-nik1zy7ok
[2026-06-08 15:05:57] name -> "Nike Structure Plus Men's Road Running Shoes"
[2026-06-08 15:05:57] Extracting field 'price' from chunk for https://www.nike.com/w/mens-shoes-nik1zy7ok
[2026-06-08 15:05:57] price -> '$170'
[2026-06-08 15:05:57] Extracting field 'image' from chunk for https://www.nike.com/w/mens-shoes-nik1zy7ok
[2026-06-08 15:05:57] image -> "Nike Structure Plus Men's Road Running Shoes $170"
[2026-06-08 15:05:57] Extracting field 'description' from chunk for https://www.nike.com/w/mens-shoes-nik1zy7ok
[2026-06-08 15:05:57] description -> ''
[2026-06-08 15:05:57] Extracting field 'name' from chunk for https://www.nike.com/w/mens-shoes-nik1zy7ok
[2026-06-08 15:05:57] name -> "Nike Metcon 10 Men's Workout Shoes"
[2026-06-08 15:05:57] Extracting field 'price' from chunk for https://www.nike.com/w/mens-shoes-nik1zy7ok
[2026-06-08 15:05:57] price -> '$155'
[2026-06-08 15:05:57] Extracting field 'image' from chunk for https://www.nike.com/w/mens-shoes-nik1zy7ok
[2026-06-08 15:05:57] image -> "Best Seller Nike Metcon 10 Men's Workout Shoes $155"
[2026-06-08 15:05:57] Extracting field 'description' from chunk for https://www.nike.com/w/mens-shoes-nik1zy7ok
[2026-06-08 15:05:57] description -> ''
[2026-06-08 15:05:57] Extracting field 'name' from chunk for https://www.nike.com/w/mens-shoes-nik1zy7ok
[2026-06-08 15:05:57] name -> 'Nike Zoom Fly 6 Men’s Road Racing Shoe'
[2026-06-08 15:05:57] Extracting field 'price' from chunk for https://www.nike.com/w/mens-shoes-nik1zy7ok
[2026-06-08 15:05:57] price -> '$190'
[2026-06-08 15:05:57] Extracting field 'image' from chunk for https://www.nike.com/w/mens-shoes-nik1zy7ok
[2026-06-08 15:05:57] image -> 'Nike Zoom Fly 6 Men’s Road Racing Shoe $190'
[2026-06-08 15:05:57] Extracting field 'description' from chunk for https://www.nike.com/w/mens-shoes-nik1zy7ok
[2026-06-08 15:05:57] description -> ''
[2026-06-08 15:05:57] Extracting field 'name' from chunk for https://www.nike.com/w/mens-shoes-nik1zy7ok
[2026-06-08 15:05:57] name -> "Nike Streakfly 2 Men's Road Racing Shoes"
[2026-06-08 15:05:57] Extracting field 'price' from chunk for https://www.nike.com/w/mens-shoes-nik1zy7ok
[2026-06-08 15:05:57] price -> '$200'
[2026-06-08 15:05:57] Extracting field 'image' from chunk for https://www.nike.com/w/mens-shoes-nik1zy7ok
[2026-06-08 15:05:57] image -> "Nike Streakfly 2 Men's Road Racing Shoes $200"
[2026-06-08 15:05:57] Extracting field 'description' from chunk for https://www.nike.com/w/mens-shoes-nik1zy7ok
[2026-06-08 15:05:57] description -> ''
[2026-06-08 15:05:57] Extracting field 'name' from chunk for https://www.nike.com/w/mens-shoes-nik1zy7ok
[2026-06-08 15:05:57] name -> "Jordan Trunner O/S Men's Shoes"
[2026-06-08 15:05:57] Extracting field 'price' from chunk for https://www.nike.com/w/mens-shoes-nik1zy7ok
[2026-06-08 15:05:57] price -> '$115'
[2026-06-08 15:05:57] Extracting field 'image' from chunk for https://www.nike.com/w/mens-shoes-nik1zy7ok
[2026-06-08 15:05:57] image -> "Jordan Trunner O/S Men's Shoes $115"
[2026-06-08 15:05:57] Extracting field 'description' from chunk for https://www.nike.com/w/mens-shoes-nik1zy7ok
[2026-06-08 15:05:57] description -> ''
[2026-06-08 15:05:57] Extracting field 'name' from chunk for https://www.nike.com/w/mens-shoes-nik1zy7ok
[2026-06-08 15:05:57] name -> "Air Jordan 1 Low Men's Shoes"
[2026-06-08 15:05:57] Extracting field 'price' from chunk for https://www.nike.com/w/mens-shoes-nik1zy7ok
[2026-06-08 15:05:57] price -> '$120'
[2026-06-08 15:05:57] Extracting field 'image' from chunk for https://www.nike.com/w/mens-shoes-nik1zy7ok
[2026-06-08 15:05:57] image -> "Air Jordan 1 Low Men's Shoes $120"
[2026-06-08 15:05:57] Extracting field 'description' from chunk for https://www.nike.com/w/mens-shoes-nik1zy7ok
[2026-06-08 15:05:57] description -> ''
[2026-06-08 15:05:57] Extracting field 'name' from chunk for https://www.nike.com/w/mens-shoes-nik1zy7ok
[2026-06-08 15:05:57] name -> "Kobe Air Force 1 Low Men's Shoes"
[2026-06-08 15:05:57] Extracting field 'price' from chunk for https://www.nike.com/w/mens-shoes-nik1zy7ok
[2026-06-08 15:05:57] price -> '$120'
[2026-06-08 15:05:57] Extracting field 'image' from chunk for https://www.nike.com/w/mens-shoes-nik1zy7ok
[2026-06-08 15:05:57] image -> "Best Seller Kobe Air Force 1 Low Men's Shoes $120"
[2026-06-08 15:05:57] Extracting field 'description' from chunk for https://www.nike.com/w/mens-shoes-nik1zy7ok
[2026-06-08 15:05:57] description -> ''
[2026-06-08 15:05:57] Extracting field 'name' from chunk for https://www.nike.com/w/mens-shoes-nik1zy7ok
[2026-06-08 15:05:57] name -> "Nike Air Max 270 Premium Men's Shoes"
[2026-06-08 15:05:57] Extracting field 'price' from chunk for https://www.nike.com/w/mens-shoes-nik1zy7ok
[2026-06-08 15:05:57] price -> '$180'
[2026-06-08 15:05:57] Extracting field 'image' from chunk for https://www.nike.com/w/mens-shoes-nik1zy7ok
[2026-06-08 15:05:57] image -> 'https://static.nike.com/a/images/t_web_pw_592_v2/f_auto/u_9ddf04c7-2a9a-4d76-add1-d15af8f0263d,c_scale,fl_relative,w_1.0,h_1.0,fl_layer_apply/6567cb57-305a-47ef-82ba-2d1dfa44a19f/AIR+MAX+270+PREMIUM.png'
[2026-06-08 15:05:57] Extracting field 'description' from chunk for https://www.nike.com/w/mens-shoes-nik1zy7ok
[2026-06-08 15:05:57] description -> ''
[2026-06-08 15:05:57] Extracting field 'name' from chunk for https://www.nike.com/w/mens-shoes-nik1zy7ok
[2026-06-08 15:05:57] name -> 'Nike Air Max Plus VII "Kylian Mbappé" Men\'s Shoes'
[2026-06-08 15:05:57] Extracting field 'price' from chunk for https://www.nike.com/w/mens-shoes-nik1zy7ok
[2026-06-08 15:05:57] price -> '$142.97 $190 24% off'
[2026-06-08 15:05:57] Extracting field 'image' from chunk for https://www.nike.com/w/mens-shoes-nik1zy7ok
[2026-06-08 15:05:57] image -> 'Nike Air Max Plus VII "Kylian Mbappé" Men\'s Shoes $142.97 $190 24% off'
[2026-06-08 15:05:57] Extracting field 'description' from chunk for https://www.nike.com/w/mens-shoes-nik1zy7ok
[2026-06-08 15:05:57] description -> ''
[2026-06-08 15:05:57] Extracting field 'name' from chunk for https://www.nike.com/w/mens-shoes-nik1zy7ok
[2026-06-08 15:05:57] name -> "Nike Air Max Dn8 Men's Shoes"
[2026-06-08 15:05:57] Extracting field 'price' from chunk for https://www.nike.com/w/mens-shoes-nik1zy7ok
[2026-06-08 15:05:57] price -> '$220'
[2026-06-08 15:05:57] Extracting field 'image' from chunk for https://www.nike.com/w/mens-shoes-nik1zy7ok
[2026-06-08 15:05:57] image -> "Nike Air Max Dn8 Men's Shoes $220"
[2026-06-08 15:05:57] Extracting field 'description' from chunk for https://www.nike.com/w/mens-shoes-nik1zy7ok
[2026-06-08 15:05:57] description -> ''
[2026-06-08 15:05:57] Extracting field 'name' from chunk for https://www.nike.com/w/mens-shoes-nik1zy7ok
[2026-06-08 15:05:57] name -> "Nike Air Max Dn8 Leather Men's Shoes"
[2026-06-08 15:05:57] Extracting field 'price' from chunk for https://www.nike.com/w/mens-shoes-nik1zy7ok
[2026-06-08 15:05:58] price -> '$143.97 $210 31% off'
[2026-06-08 15:05:58] Extracting field 'image' from chunk for https://www.nike.com/w/mens-shoes-nik1zy7ok
[2026-06-08 15:05:58] image -> "Nike Air Max Dn8 Leather Men's Shoes $143.97 $210 31% off"
[2026-06-08 15:05:58] Extracting field 'description' from chunk for https://www.nike.com/w/mens-shoes-nik1zy7ok
[2026-06-08 15:05:58] description -> ''
[2026-06-08 15:05:58] Extracting field 'name' from chunk for https://www.nike.com/w/mens-shoes-nik1zy7ok
[2026-06-08 15:05:58] name -> 'Book 2 "Spiridon" Basketball Shoes'
[2026-06-08 15:05:58] Extracting field 'price' from chunk for https://www.nike.com/w/mens-shoes-nik1zy7ok
[2026-06-08 15:05:58] price -> '$145'
[2026-06-08 15:05:58] Extracting field 'image' from chunk for https://www.nike.com/w/mens-shoes-nik1zy7ok
[2026-06-08 15:05:58] image -> 'Book 2 "Spiridon" Basketball Shoes $145'
[2026-06-08 15:05:58] Extracting field 'description' from chunk for https://www.nike.com/w/mens-shoes-nik1zy7ok
[2026-06-08 15:05:58] description -> ''
[2026-06-08 15:05:58] Extracting field 'name' from chunk for https://www.nike.com/w/mens-shoes-nik1zy7ok
[2026-06-08 15:05:58] name -> "Nike Air Max Uptempo '95 Men's Shoes"
[2026-06-08 15:05:58] Extracting field 'price' from chunk for https://www.nike.com/w/mens-shoes-nik1zy7ok
[2026-06-08 15:05:58] price -> '$102.97 $170 39% off'
[2026-06-08 15:05:58] Extracting field 'image' from chunk for https://www.nike.com/w/mens-shoes-nik1zy7ok
[2026-06-08 15:05:58] image -> 'https://static.nike.com/a/images/t_web_pw_592_v2/f_auto/u_9ddf04c7-2a9a-4d76-add1-d15af8f0263d,c_scale,fl_relative,w_1.0,h_1.0,fl_layer_apply/auer4vgwmv8q4xmgkkkt/AIR+MAX+UPTEMPO+%2795.png'
[2026-06-08 15:05:58] Extracting field 'description' from chunk for https://www.nike.com/w/mens-shoes-nik1zy7ok
[2026-06-08 15:05:58] description -> ''
[2026-06-08 15:05:58] Extracting field 'name' from chunk for https://www.nike.com/w/mens-shoes-nik1zy7ok
[2026-06-08 15:05:58] name -> "Air Jordan Skyline Low Men's Shoes"
[2026-06-08 15:05:58] Extracting field 'price' from chunk for https://www.nike.com/w/mens-shoes-nik1zy7ok
[2026-06-08 15:05:58] price -> '$100'
[2026-06-08 15:05:58] Extracting field 'image' from chunk for https://www.nike.com/w/mens-shoes-nik1zy7ok
[2026-06-08 15:05:58] image -> "Best Seller Air Jordan Skyline Low Men's Shoes $100"
[2026-06-08 15:05:58] Extracting field 'description' from chunk for https://www.nike.com/w/mens-shoes-nik1zy7ok
[2026-06-08 15:05:58] description -> ''
[2026-06-08 15:05:58] Extracting field 'name' from chunk for https://www.nike.com/w/mens-shoes-nik1zy7ok
[2026-06-08 15:05:58] name -> "Jordan Jumpman Pro Men's Shoes"
[2026-06-08 15:05:58] Extracting field 'price' from chunk for https://www.nike.com/w/mens-shoes-nik1zy7ok
[2026-06-08 15:05:58] price -> '$150'
[2026-06-08 15:05:58] Extracting field 'image' from chunk for https://www.nike.com/w/mens-shoes-nik1zy7ok
[2026-06-08 15:05:58] image -> "Best Seller Jordan Jumpman Pro Men's Shoes $150"
[2026-06-08 15:05:58] Extracting field 'description' from chunk for https://www.nike.com/w/mens-shoes-nik1zy7ok
[2026-06-08 15:05:58] description -> ''
[2026-06-08 15:05:58] Extracting field 'name' from chunk for https://www.nike.com/w/mens-shoes-nik1zy7ok
[2026-06-08 15:05:58] name -> 'Nike G.T. Cut 4 CNY Basketball Shoes'
[2026-06-08 15:05:58] Extracting field 'price' from chunk for https://www.nike.com/w/mens-shoes-nik1zy7ok
[2026-06-08 15:05:58] price -> '$132.97 $220 39% off'
[2026-06-08 15:05:58] Extracting field 'image' from chunk for https://www.nike.com/w/mens-shoes-nik1zy7ok
[2026-06-08 15:05:58] image -> 'Nike G.T. Cut 4 CNY Basketball Shoes $132.97 $220 39% off'
[2026-06-08 15:05:58] Extracting field 'description' from chunk for https://www.nike.com/w/mens-shoes-nik1zy7ok
[2026-06-08 15:05:58] description -> ''
[2026-06-08 15:05:58] Extracting field 'name' from chunk for https://www.nike.com/w/mens-shoes-nik1zy7ok
[2026-06-08 15:05:58] name -> 'Nike Vapor Edge 360 "Untouchable" Football Cleats'
[2026-06-08 15:05:58] Extracting field 'price' from chunk for https://www.nike.com/w/mens-shoes-nik1zy7ok
[2026-06-08 15:05:58] price -> '$190'
[2026-06-08 15:05:58] Extracting field 'image' from chunk for https://www.nike.com/w/mens-shoes-nik1zy7ok
[2026-06-08 15:05:58] image -> 'Nike Vapor Edge 360 "Untouchable" Football Cleats $190'
[2026-06-08 15:05:58] Extracting field 'description' from chunk for https://www.nike.com/w/mens-shoes-nik1zy7ok
[2026-06-08 15:05:58] description -> ''
[2026-06-08 15:05:58] Extracting field 'name' from chunk for https://www.nike.com/w/mens-shoes-nik1zy7ok
[2026-06-08 15:05:58] name -> 'Nike Vapor Pro 1 Football Cleats'
[2026-06-08 15:05:58] Extracting field 'price' from chunk for https://www.nike.com/w/mens-shoes-nik1zy7ok
[2026-06-08 15:05:58] price -> '$145'
[2026-06-08 15:05:58] Extracting field 'image' from chunk for https://www.nike.com/w/mens-shoes-nik1zy7ok
[2026-06-08 15:05:58] image -> 'Nike Vapor Pro 1 Football Cleats $145 See Price in Bag'
[2026-06-08 15:05:58] Extracting field 'description' from chunk for https://www.nike.com/w/mens-shoes-nik1zy7ok
[2026-06-08 15:05:58] description -> ''
[2026-06-08 15:05:58] Extracting field 'name' from chunk for https://www.nike.com/w/mens-shoes-nik1zy7ok
[2026-06-08 15:05:58] name -> 'Air Jordan 40 Basketball Shoes'
[2026-06-08 15:05:58] Extracting field 'price' from chunk for https://www.nike.com/w/mens-shoes-nik1zy7ok
[2026-06-08 15:05:58] price -> '$174.97 $205 14% off'
[2026-06-08 15:05:58] Extracting field 'image' from chunk for https://www.nike.com/w/mens-shoes-nik1zy7ok
[2026-06-08 15:05:58] image -> 'Air Jordan 40 Basketball Shoes $174.97 $205 14% off'
[2026-06-08 15:05:58] Extracting field 'description' from chunk for https://www.nike.com/w/mens-shoes-nik1zy7ok
[2026-06-08 15:05:58] description -> ''
[2026-06-08 15:05:58] Extracting field 'name' from chunk for https://www.nike.com/w/mens-shoes-nik1zy7ok
[2026-06-08 15:05:58] name -> 'Luka 5 Basketball Shoes'
[2026-06-08 15:05:58] Extracting field 'price' from chunk for https://www.nike.com/w/mens-shoes-nik1zy7ok
[2026-06-08 15:05:58] price -> '$135'
[2026-06-08 15:05:58] Extracting field 'image' from chunk for https://www.nike.com/w/mens-shoes-nik1zy7ok
[2026-06-08 15:05:58] image -> 'Luka 5 Basketball Shoes $135'
[2026-06-08 15:05:58] Extracting field 'description' from chunk for https://www.nike.com/w/mens-shoes-nik1zy7ok
[2026-06-08 15:05:58] description -> ''
[2026-06-08 15:05:58] Extracting field 'name' from chunk for https://www.nike.com/w/mens-shoes-nik1zy7ok
[2026-06-08 15:05:58] name -> 'Tatum 4 "Smooth Soul Vol.2" Basketball Shoes'
[2026-06-08 15:05:58] Extracting field 'price' from chunk for https://www.nike.com/w/mens-shoes-nik1zy7ok
[2026-06-08 15:05:58] price -> '$110.97 $130 14% off'
[2026-06-08 15:05:58] Extracting field 'image' from chunk for https://www.nike.com/w/mens-shoes-nik1zy7ok
[2026-06-08 15:05:58] image -> 'Tatum 4 "Smooth Soul Vol.2" Basketball Shoes $110.97 $130 14% off'
[2026-06-08 15:05:58] Extracting field 'description' from chunk for https://www.nike.com/w/mens-shoes-nik1zy7ok
[2026-06-08 15:05:58] description -> ''
[2026-06-08 15:05:58] Extracting field 'name' from chunk for https://www.nike.com/w/mens-shoes-nik1zy7ok
[2026-06-08 15:05:58] name -> 'Jordan Heir Series 2 "Bloodline" Basketball Shoes'
[2026-06-08 15:05:58] Extracting field 'price' from chunk for https://www.nike.com/w/mens-shoes-nik1zy7ok
[2026-06-08 15:05:58] price -> '$115'
[2026-06-08 15:05:58] Extracting field 'image' from chunk for https://www.nike.com/w/mens-shoes-nik1zy7ok
[2026-06-08 15:05:58] image -> 'Jordan Heir Series 2 "Bloodline" Basketball Shoes $115'
[2026-06-08 15:05:58] Extracting field 'description' from chunk for https://www.nike.com/w/mens-shoes-nik1zy7ok
[2026-06-08 15:05:58] description -> ''
[2026-06-08 15:05:58] Extracting field 'name' from chunk for https://www.nike.com/w/mens-shoes-nik1zy7ok
[2026-06-08 15:05:58] name -> 'Air Jordan 1 Low G Golf Shoes'
[2026-06-08 15:05:58] Extracting field 'price' from chunk for https://www.nike.com/w/mens-shoes-nik1zy7ok
[2026-06-08 15:05:58] price -> '$155'
[2026-06-08 15:05:58] Extracting field 'image' from chunk for https://www.nike.com/w/mens-shoes-nik1zy7ok
[2026-06-08 15:05:58] image -> 'Best Seller Air Jordan 1 Low G Golf Shoes $155'
[2026-06-08 15:05:58] Extracting field 'description' from chunk for https://www.nike.com/w/mens-shoes-nik1zy7ok
[2026-06-08 15:05:58] description -> ''
[2026-06-08 15:05:58] Extracting field 'name' from chunk for https://www.nike.com/w/mens-shoes-nik1zy7ok
[2026-06-08 15:05:58] name -> 'Air Jordan 1 Low G Spiked Golf Shoes'
[2026-06-08 15:05:58] Extracting field 'price' from chunk for https://www.nike.com/w/mens-shoes-nik1zy7ok
[2026-06-08 15:05:58] price -> '$175'
[2026-06-08 15:05:58] Extracting field 'image' from chunk for https://www.nike.com/w/mens-shoes-nik1zy7ok
[2026-06-08 15:05:58] image -> 'Best Seller Air Jordan 1 Low G Spiked Golf Shoes $175'
[2026-06-08 15:05:58] Extracting field 'description' from chunk for https://www.nike.com/w/mens-shoes-nik1zy7ok
[2026-06-08 15:05:58] description -> ''
[2026-06-08 15:05:58] Extracting field 'name' from chunk for https://www.nike.com/w/mens-shoes-nik1zy7ok
[2026-06-08 15:05:58] name -> "Nike ACG Phassad Men's Shoes"
[2026-06-08 15:05:58] Extracting field 'price' from chunk for https://www.nike.com/w/mens-shoes-nik1zy7ok
[2026-06-08 15:05:58] price -> '$96.97 $145 33% off'
[2026-06-08 15:05:58] Extracting field 'image' from chunk for https://www.nike.com/w/mens-shoes-nik1zy7ok
[2026-06-08 15:05:58] image -> 'https://static.nike.com/a/images/t_web_pw_592_v2/f_auto/u_9ddf04c7-2a9a-4d76-add1-d15af8f0263d,c_scale,fl_relative,w_1.0,h_1.0,fl_layer_apply/18d89f9e-63df-40d4-ae48-f87293bbc974/ACG+PHASSAD.png'
[2026-06-08 15:05:58] Extracting field 'description' from chunk for https://www.nike.com/w/mens-shoes-nik1zy7ok
[2026-06-08 15:05:58] description -> ''
[2026-06-08 15:05:58] Extracting field 'name' from chunk for https://www.nike.com/w/mens-shoes-nik1zy7ok
[2026-06-08 15:05:58] name -> "Nike Air Max Dn Roam Men's Shoes"
[2026-06-08 15:05:58] Extracting field 'price' from chunk for https://www.nike.com/w/mens-shoes-nik1zy7ok
[2026-06-08 15:05:58] price -> '$114.97 $190 39% off'
[2026-06-08 15:05:58] Extracting field 'image' from chunk for https://www.nike.com/w/mens-shoes-nik1zy7ok
[2026-06-08 15:05:58] image -> "Nike Air Max Dn Roam Men's Shoes $114.97 $190 39% off"
[2026-06-08 15:05:58] Extracting field 'description' from chunk for https://www.nike.com/w/mens-shoes-nik1zy7ok
[2026-06-08 15:05:58] description -> ''
[2026-06-08 15:05:58] Extracting field 'name' from chunk for https://www.nike.com/w/mens-shoes-nik1zy7ok
[2026-06-08 15:05:58] name -> "Nike Free Metcon 7 Men's Training Shoes"
[2026-06-08 15:05:58] Extracting field 'price' from chunk for https://www.nike.com/w/mens-shoes-nik1zy7ok
[2026-06-08 15:05:58] price -> '$125'
[2026-06-08 15:05:58] Extracting field 'image' from chunk for https://www.nike.com/w/mens-shoes-nik1zy7ok
[2026-06-08 15:05:58] image -> "Best Seller Nike Free Metcon 7 Men's Training Shoes $125"
[2026-06-08 15:05:58] Extracting field 'description' from chunk for https://www.nike.com/w/mens-shoes-nik1zy7ok
[2026-06-08 15:05:58] description -> ''
[2026-06-08 15:05:58] Extracting field 'name' from chunk for https://www.nike.com/w/mens-shoes-nik1zy7ok
[2026-06-08 15:05:58] name -> "Nike Calm 2.0 Men's Slides"
[2026-06-08 15:05:58] Extracting field 'price' from chunk for https://www.nike.com/w/mens-shoes-nik1zy7ok
[2026-06-08 15:05:58] price -> '$55'
[2026-06-08 15:05:58] Extracting field 'image' from chunk for https://www.nike.com/w/mens-shoes-nik1zy7ok
[2026-06-08 15:05:58] image -> "Best Seller Nike Calm 2.0 Men's Slides $55"
[2026-06-08 15:05:58] Extracting field 'description' from chunk for https://www.nike.com/w/mens-shoes-nik1zy7ok
[2026-06-08 15:05:58] description -> ''
[2026-06-08 15:05:58] Extracting field 'name' from chunk for https://www.nike.com/w/mens-shoes-nik1zy7ok
[2026-06-08 15:05:58] name -> 'Nike P-6000 Shoes'
[2026-06-08 15:05:58] Extracting field 'price' from chunk for https://www.nike.com/w/mens-shoes-nik1zy7ok
[2026-06-08 15:05:58] price -> '$125'
[2026-06-08 15:05:58] Extracting field 'image' from chunk for https://www.nike.com/w/mens-shoes-nik1zy7ok
[2026-06-08 15:05:58] image -> 'Best Seller Nike P-6000 Shoes $125'
[2026-06-08 15:05:58] Extracting field 'description' from chunk for https://www.nike.com/w/mens-shoes-nik1zy7ok
[2026-06-08 15:05:58] description -> ''
[2026-06-08 15:05:58] Extracting field 'name' from chunk for https://www.nike.com/w/mens-shoes-nik1zy7ok
[2026-06-08 15:05:58] name -> "Nike V5 RNR Men's Shoes"
[2026-06-08 15:05:58] Extracting field 'price' from chunk for https://www.nike.com/w/mens-shoes-nik1zy7ok
[2026-06-08 15:05:58] price -> '$95'
[2026-06-08 15:05:58] Extracting field 'image' from chunk for https://www.nike.com/w/mens-shoes-nik1zy7ok
[2026-06-08 15:05:58] image -> "Recycled Materials Nike V5 RNR Men's Shoes $95"
[2026-06-08 15:05:58] Extracting field 'description' from chunk for https://www.nike.com/w/mens-shoes-nik1zy7ok
[2026-06-08 15:05:58] description -> ''
[2026-06-08 15:05:58] Extracting field 'name' from chunk for https://www.nike.com/w/mens-shoes-nik1zy7ok
[2026-06-08 15:05:58] name -> "Nike ReactX Rejuven8 Men's Shoes"
[2026-06-08 15:05:58] Extracting field 'price' from chunk for https://www.nike.com/w/mens-shoes-nik1zy7ok
[2026-06-08 15:05:58] price -> '$85'
[2026-06-08 15:05:58] Extracting field 'image' from chunk for https://www.nike.com/w/mens-shoes-nik1zy7ok
[2026-06-08 15:05:58] image -> "Nike ReactX Rejuven8 Men's Shoes $85 See Price in Bag"
[2026-06-08 15:05:58] Extracting field 'description' from chunk for https://www.nike.com/w/mens-shoes-nik1zy7ok
[2026-06-08 15:05:58] description -> ''
[2026-06-08 15:05:58] Extracting field 'name' from chunk for https://www.nike.com/w/mens-shoes-nik1zy7ok
[2026-06-08 15:05:58] name -> "Nike Air Max 270 Men's Shoes"
[2026-06-08 15:05:58] Extracting field 'price' from chunk for https://www.nike.com/w/mens-shoes-nik1zy7ok
[2026-06-08 15:05:58] price -> '$170'
[2026-06-08 15:05:58] Extracting field 'image' from chunk for https://www.nike.com/w/mens-shoes-nik1zy7ok
[2026-06-08 15:05:58] image -> "Nike Air Max 270 Men's Shoes $170"
[2026-06-08 15:05:58] Extracting field 'description' from chunk for https://www.nike.com/w/mens-shoes-nik1zy7ok
[2026-06-08 15:05:58] description -> ''
[2026-06-08 15:05:58] Extracting field 'name' from chunk for https://www.nike.com/w/mens-shoes-nik1zy7ok
[2026-06-08 15:05:58] name -> "Nike Mind 001 Men's Pregame Mules"
[2026-06-08 15:05:58] Extracting field 'price' from chunk for https://www.nike.com/w/mens-shoes-nik1zy7ok
[2026-06-08 15:05:58] price -> '$95'
[2026-06-08 15:05:58] Extracting field 'image' from chunk for https://www.nike.com/w/mens-shoes-nik1zy7ok
[2026-06-08 15:05:58] image -> 'https://static.nike.com/a/images/t_web_pw_592_v2/f_auto/u_9ddf04c7-2a9a-4d76-add1-d15af8f0263d,c_scale,fl_relative,w_1.0,h_1.0,fl_layer_apply/ef2f4720-6ad2-4457-94b5-7a2390cf3cec/NIKE+MIND+001.png'
[2026-06-08 15:05:58] Extracting field 'description' from chunk for https://www.nike.com/w/mens-shoes-nik1zy7ok
[2026-06-08 15:05:58] description -> ''
[2026-06-08 15:05:58] Extracting field 'name' from chunk for https://www.nike.com/w/mens-shoes-nik1zy7ok
[2026-06-08 15:05:58] name -> 'Air Jordan 6 "Cap and Gown" Men\'s Shoes'
[2026-06-08 15:05:58] Extracting field 'price' from chunk for https://www.nike.com/w/mens-shoes-nik1zy7ok
[2026-06-08 15:05:58] price -> '$215'
[2026-06-08 15:05:58] Extracting field 'image' from chunk for https://www.nike.com/w/mens-shoes-nik1zy7ok
[2026-06-08 15:05:58] image -> 'https://static.nike.com/a/images/t_web_pw_592_v2/f_auto/u_126ab356-44d8-4a06-89b4-fcdcc8df0245,c_scale,fl_relative,w_1.0,h_1.0,fl_layer_apply/a75d9b6b-31ad-4272-8b7b-6a8114ab32a0/AIR+JORDAN+6+RETRO.png'
[2026-06-08 15:05:58] Extracting field 'description' from chunk for https://www.nike.com/w/mens-shoes-nik1zy7ok
[2026-06-08 15:05:58] description -> ''
[2026-06-08 15:05:58] Extracting field 'name' from chunk for https://www.nike.com/w/mens-shoes-nik1zy7ok
[2026-06-08 15:05:58] name -> "Nike Air Max 2017 Men's Shoes"
[2026-06-08 15:05:58] Extracting field 'price' from chunk for https://www.nike.com/w/mens-shoes-nik1zy7ok
[2026-06-08 15:05:58] price -> '$133.97 $190 29% off'
[2026-06-08 15:05:58] Extracting field 'image' from chunk for https://www.nike.com/w/mens-shoes-nik1zy7ok
[2026-06-08 15:05:58] image -> "Nike Air Max 2017 Men's Shoes $133.97 $190 29% off"
[2026-06-08 15:05:58] Extracting field 'description' from chunk for https://www.nike.com/w/mens-shoes-nik1zy7ok
[2026-06-08 15:05:58] description -> ''
[2026-06-08 15:05:58] Extracting field 'name' from chunk for https://www.nike.com/w/mens-shoes-nik1zy7ok
[2026-06-08 15:05:58] name -> 'Nike x Hyperice Hyperboot Shoes'
[2026-06-08 15:05:58] Extracting field 'price' from chunk for https://www.nike.com/w/mens-shoes-nik1zy7ok
[2026-06-08 15:05:58] price -> '$799'
[2026-06-08 15:05:58] Extracting field 'image' from chunk for https://www.nike.com/w/mens-shoes-nik1zy7ok
[2026-06-08 15:05:58] image -> 'https://static.nike.com/a/images/t_web_pw_592_v2/f_auto/u_9ddf04c7-2a9a-4d76-add1-d15af8f0263d,c_scale,fl_relative,w_1.0,h_1.0,fl_layer_apply/b58035e4-02b3-4432-bc58-4ab247ede73c/Hyperboot+by+Nike+x+Hyperice.png'
[2026-06-08 15:05:58] Extracting field 'description' from chunk for https://www.nike.com/w/mens-shoes-nik1zy7ok
[2026-06-08 15:05:58] description -> ''
[2026-06-08 15:05:58] Extracting field 'name' from chunk for https://www.nike.com/w/mens-shoes-nik1zy7ok
[2026-06-08 15:05:58] name -> 'Air Jordan 3 Retro "White and Orange Peel" Women\'s Shoes'
[2026-06-08 15:05:58] Extracting field 'price' from chunk for https://www.nike.com/w/mens-shoes-nik1zy7ok
[2026-06-08 15:05:58] price -> '$205'
[2026-06-08 15:05:58] Extracting field 'image' from chunk for https://www.nike.com/w/mens-shoes-nik1zy7ok
[2026-06-08 15:05:58] image -> 'https://static.nike.com/a/images/t_web_pw_592_v2/f_auto/u_126ab356-44d8-4a06-89b4-fcdcc8df0245,c_scale,fl_relative,w_1.0,h_1.0,fl_layer_apply/01f84eae-cfb0-43cb-b8c2-b353bd399fd9/WMNS+AIR+JORDAN+3+RETRO.png'
[2026-06-08 15:05:58] Extracting field 'description' from chunk for https://www.nike.com/w/mens-shoes-nik1zy7ok
[2026-06-08 15:05:58] description -> ''
[2026-06-08 15:05:58] Extracting field 'name' from chunk for https://www.nike.com/w/mens-shoes-nik1zy7ok
[2026-06-08 15:05:58] name -> 'Air Jordan 4 Retro "Pearl Pink and Iced Carmine" Women\'s Shoe'
[2026-06-08 15:05:58] Extracting field 'price' from chunk for https://www.nike.com/w/mens-shoes-nik1zy7ok
[2026-06-08 15:05:58] price -> '$220'
[2026-06-08 15:05:58] Extracting field 'image' from chunk for https://www.nike.com/w/mens-shoes-nik1zy7ok
[2026-06-08 15:05:58] image -> 'https://static.nike.com/a/images/t_web_pw_592_v2/f_auto/u_126ab356-44d8-4a06-89b4-fcdcc8df0245,c_scale,fl_relative,w_1.0,h_1.0,fl_layer_apply/d317631a-bb0e-4a04-9e93-eef0133d8f09/WMNS+AIR+JORDAN+4+RETRO+TEX.png'
[2026-06-08 15:05:58] Extracting field 'description' from chunk for https://www.nike.com/w/mens-shoes-nik1zy7ok
[2026-06-08 15:05:58] description -> ''
[2026-06-08 15:05:58] Extracting field 'name' from chunk for https://www.nike.com/w/mens-shoes-nik1zy7ok
[2026-06-08 15:05:58] name -> "Nike Air Max Command Men's Shoes"
[2026-06-08 15:05:58] Extracting field 'price' from chunk for https://www.nike.com/w/mens-shoes-nik1zy7ok
[2026-06-08 15:05:58] price -> '$77.97 $110 29% off'
[2026-06-08 15:05:58] Extracting field 'image' from chunk for https://www.nike.com/w/mens-shoes-nik1zy7ok
[2026-06-08 15:05:58] image -> 'https://static.nike.com/a/images/t_web_pw_592_v2/f_auto/u_9ddf04c7-2a9a-4d76-add1-d15af8f0263d,c_scale,fl_relative,w_1.0,h_1.0,fl_layer_apply/bfe1604b-702f-4fe4-8607-d2ffc84440c4/AIR+MAX+COMMAND.png'
[2026-06-08 15:05:58] Extracting field 'description' from chunk for https://www.nike.com/w/mens-shoes-nik1zy7ok
[2026-06-08 15:05:58] description -> ''
[2026-06-08 15:05:58] Extracting field 'name' from chunk for https://www.nike.com/w/mens-shoes-nik1zy7ok
[2026-06-08 15:05:58] name -> 'Nike G.T. Cut 4 CNY Basketball Shoes'
[2026-06-08 15:05:58] Extracting field 'price' from chunk for https://www.nike.com/w/mens-shoes-nik1zy7ok
[2026-06-08 15:05:58] price -> '$132.97 $220 39% off'
[2026-06-08 15:05:58] Extracting field 'image' from chunk for https://www.nike.com/w/mens-shoes-nik1zy7ok
[2026-06-08 15:05:58] image -> 'Nike G.T. Cut 4 CNY Basketball Shoes $132.97 $220 39% off'
[2026-06-08 15:05:58] Extracting field 'description' from chunk for https://www.nike.com/w/mens-shoes-nik1zy7ok
[2026-06-08 15:05:58] description -> ''
[2026-06-08 15:05:58] Extracting field 'name' from chunk for https://www.nike.com/w/mens-shoes-nik1zy7ok
[2026-06-08 15:05:58] name -> 'Nike Vapor Edge 360 "Untouchable" Football Cleats'
[2026-06-08 15:05:58] Extracting field 'price' from chunk for https://www.nike.com/w/mens-shoes-nik1zy7ok
[2026-06-08 15:05:58] price -> '$190'
[2026-06-08 15:05:58] Extracting field 'image' from chunk for https://www.nike.com/w/mens-shoes-nik1zy7ok
[2026-06-08 15:05:58] image -> 'Nike Vapor Edge 360 "Untouchable" Football Cleats $190'
[2026-06-08 15:05:58] Extracting field 'description' from chunk for https://www.nike.com/w/mens-shoes-nik1zy7ok
[2026-06-08 15:05:58] description -> ''
[2026-06-08 15:05:58] Extracting field 'name' from chunk for https://www.nike.com/w/mens-shoes-nik1zy7ok
[2026-06-08 15:05:58] name -> 'Nike Vapor Pro 1 Football Cleats'
[2026-06-08 15:05:58] Extracting field 'price' from chunk for https://www.nike.com/w/mens-shoes-nik1zy7ok
[2026-06-08 15:05:58] price -> '$145'
[2026-06-08 15:05:58] Extracting field 'image' from chunk for https://www.nike.com/w/mens-shoes-nik1zy7ok
[2026-06-08 15:05:58] image -> 'Nike Vapor Pro 1 Football Cleats $145 See Price in Bag'
[2026-06-08 15:05:58] Extracting field 'description' from chunk for https://www.nike.com/w/mens-shoes-nik1zy7ok
[2026-06-08 15:05:58] description -> ''
[2026-06-08 15:05:58] Extracting field 'name' from chunk for https://www.nike.com/w/mens-shoes-nik1zy7ok
[2026-06-08 15:05:58] name -> 'Air Jordan 40 Basketball Shoes'
[2026-06-08 15:05:58] Extracting field 'price' from chunk for https://www.nike.com/w/mens-shoes-nik1zy7ok
[2026-06-08 15:05:58] price -> '$174.97 $205 14% off'
[2026-06-08 15:05:58] Extracting field 'image' from chunk for https://www.nike.com/w/mens-shoes-nik1zy7ok
[2026-06-08 15:05:58] image -> 'Air Jordan 40 Basketball Shoes $174.97 $205 14% off'
[2026-06-08 15:05:58] Extracting field 'description' from chunk for https://www.nike.com/w/mens-shoes-nik1zy7ok
[2026-06-08 15:05:58] description -> ''
[2026-06-08 15:05:58] Extracting field 'name' from chunk for https://www.nike.com/w/mens-shoes-nik1zy7ok
[2026-06-08 15:05:58] name -> 'Luka 5 Basketball Shoes'
[2026-06-08 15:05:58] Extracting field 'price' from chunk for https://www.nike.com/w/mens-shoes-nik1zy7ok
[2026-06-08 15:05:58] price -> '$135'
[2026-06-08 15:05:58] Extracting field 'image' from chunk for https://www.nike.com/w/mens-shoes-nik1zy7ok
[2026-06-08 15:05:58] image -> 'Luka 5 Basketball Shoes $135'
[2026-06-08 15:05:58] Extracting field 'description' from chunk for https://www.nike.com/w/mens-shoes-nik1zy7ok
[2026-06-08 15:05:58] description -> ''
[2026-06-08 15:05:58] Extracting field 'name' from chunk for https://www.nike.com/w/mens-shoes-nik1zy7ok
[2026-06-08 15:05:58] name -> 'Tatum 4 "Smooth Soul Vol.2" Basketball Shoes'
[2026-06-08 15:05:58] Extracting field 'price' from chunk for https://www.nike.com/w/mens-shoes-nik1zy7ok
[2026-06-08 15:05:58] price -> '$110.97 $130 14% off'
[2026-06-08 15:05:58] Extracting field 'image' from chunk for https://www.nike.com/w/mens-shoes-nik1zy7ok
[2026-06-08 15:05:58] image -> 'Tatum 4 "Smooth Soul Vol.2" Basketball Shoes $110.97 $130 14% off'
[2026-06-08 15:05:58] Extracting field 'description' from chunk for https://www.nike.com/w/mens-shoes-nik1zy7ok
[2026-06-08 15:05:58] description -> ''
[2026-06-08 15:05:58] Extracting field 'name' from chunk for https://www.nike.com/w/mens-shoes-nik1zy7ok
[2026-06-08 15:05:58] name -> 'Jordan Heir Series 2 "Bloodline" Basketball Shoes'
[2026-06-08 15:05:58] Extracting field 'price' from chunk for https://www.nike.com/w/mens-shoes-nik1zy7ok
[2026-06-08 15:05:58] price -> '$115'
[2026-06-08 15:05:58] Extracting field 'image' from chunk for https://www.nike.com/w/mens-shoes-nik1zy7ok
[2026-06-08 15:05:58] image -> 'Jordan Heir Series 2 "Bloodline" Basketball Shoes $115'
[2026-06-08 15:05:58] Extracting field 'description' from chunk for https://www.nike.com/w/mens-shoes-nik1zy7ok
[2026-06-08 15:05:58] description -> ''
[2026-06-08 15:05:58] Extracting field 'name' from chunk for https://www.nike.com/w/mens-shoes-nik1zy7ok
[2026-06-08 15:05:58] name -> 'Air Jordan 1 Low G Golf Shoes'
[2026-06-08 15:05:58] Extracting field 'price' from chunk for https://www.nike.com/w/mens-shoes-nik1zy7ok
[2026-06-08 15:05:58] price -> '$155'
[2026-06-08 15:05:58] Extracting field 'image' from chunk for https://www.nike.com/w/mens-shoes-nik1zy7ok
[2026-06-08 15:05:58] image -> 'Best Seller Air Jordan 1 Low G Golf Shoes $155'
[2026-06-08 15:05:58] Extracting field 'description' from chunk for https://www.nike.com/w/mens-shoes-nik1zy7ok
[2026-06-08 15:05:58] description -> ''
[2026-06-08 15:05:58] Extracting field 'name' from chunk for https://www.nike.com/w/mens-shoes-nik1zy7ok
[2026-06-08 15:05:58] name -> 'Air Jordan 1 Low G Spiked Golf Shoes'
[2026-06-08 15:05:58] Extracting field 'price' from chunk for https://www.nike.com/w/mens-shoes-nik1zy7ok
[2026-06-08 15:05:58] price -> '$175'
[2026-06-08 15:05:58] Extracting field 'image' from chunk for https://www.nike.com/w/mens-shoes-nik1zy7ok
[2026-06-08 15:05:58] image -> 'Best Seller Air Jordan 1 Low G Spiked Golf Shoes $175'
[2026-06-08 15:05:58] Extracting field 'description' from chunk for https://www.nike.com/w/mens-shoes-nik1zy7ok
[2026-06-08 15:05:58] description -> ''
[2026-06-08 15:05:58] Extracting field 'name' from chunk for https://www.nike.com/w/mens-shoes-nik1zy7ok
[2026-06-08 15:05:58] name -> "Nike ACG Phassad Men's Shoes"
[2026-06-08 15:05:58] Extracting field 'price' from chunk for https://www.nike.com/w/mens-shoes-nik1zy7ok
[2026-06-08 15:05:58] price -> '$96.97 $145 33% off'
[2026-06-08 15:05:58] Extracting field 'image' from chunk for https://www.nike.com/w/mens-shoes-nik1zy7ok
[2026-06-08 15:05:58] image -> 'https://static.nike.com/a/images/t_web_pw_592_v2/f_auto/u_9ddf04c7-2a9a-4d76-add1-d15af8f0263d,c_scale,fl_relative,w_1.0,h_1.0,fl_layer_apply/18d89f9e-63df-40d4-ae48-f87293bbc974/ACG+PHASSAD.png'
[2026-06-08 15:05:58] Extracting field 'description' from chunk for https://www.nike.com/w/mens-shoes-nik1zy7ok
[2026-06-08 15:05:58] description -> ''
[2026-06-08 15:05:58] Extracting field 'name' from chunk for https://www.nike.com/w/mens-shoes-nik1zy7ok
[2026-06-08 15:05:58] name -> "Nike Air Max Dn Roam Men's Shoes"
[2026-06-08 15:05:58] Extracting field 'price' from chunk for https://www.nike.com/w/mens-shoes-nik1zy7ok
[2026-06-08 15:05:58] price -> '$114.97 $190 39% off'
[2026-06-08 15:05:58] Extracting field 'image' from chunk for https://www.nike.com/w/mens-shoes-nik1zy7ok
[2026-06-08 15:05:58] image -> "Nike Air Max Dn Roam Men's Shoes $114.97 $190 39% off"
[2026-06-08 15:05:58] Extracting field 'description' from chunk for https://www.nike.com/w/mens-shoes-nik1zy7ok
[2026-06-08 15:05:58] description -> ''
[2026-06-08 15:05:58] Extracting field 'name' from chunk for https://www.nike.com/w/mens-shoes-nik1zy7ok
[2026-06-08 15:05:58] name -> "Nike Free Metcon 7 Men's Training Shoes"
[2026-06-08 15:05:58] Extracting field 'price' from chunk for https://www.nike.com/w/mens-shoes-nik1zy7ok
[2026-06-08 15:05:58] price -> '$125'
[2026-06-08 15:05:58] Extracting field 'image' from chunk for https://www.nike.com/w/mens-shoes-nik1zy7ok
[2026-06-08 15:05:58] image -> "Best Seller Nike Free Metcon 7 Men's Training Shoes $125"
[2026-06-08 15:05:58] Extracting field 'description' from chunk for https://www.nike.com/w/mens-shoes-nik1zy7ok
[2026-06-08 15:05:58] description -> ''
[2026-06-08 15:05:58] Extracting field 'name' from chunk for https://www.nike.com/w/mens-shoes-nik1zy7ok
[2026-06-08 15:05:58] name -> "Nike Calm 2.0 Men's Slides"
[2026-06-08 15:05:58] Extracting field 'price' from chunk for https://www.nike.com/w/mens-shoes-nik1zy7ok
[2026-06-08 15:05:58] price -> '$55'
[2026-06-08 15:05:58] Extracting field 'image' from chunk for https://www.nike.com/w/mens-shoes-nik1zy7ok
[2026-06-08 15:05:58] image -> "Best Seller Nike Calm 2.0 Men's Slides $55"
[2026-06-08 15:05:58] Extracting field 'description' from chunk for https://www.nike.com/w/mens-shoes-nik1zy7ok
[2026-06-08 15:05:58] description -> ''
[2026-06-08 15:05:58] Extracting field 'name' from chunk for https://www.nike.com/w/mens-shoes-nik1zy7ok
[2026-06-08 15:05:58] name -> 'Nike P-6000 Shoes'
[2026-06-08 15:05:58] Extracting field 'price' from chunk for https://www.nike.com/w/mens-shoes-nik1zy7ok
[2026-06-08 15:05:58] price -> '$125'
[2026-06-08 15:05:58] Extracting field 'image' from chunk for https://www.nike.com/w/mens-shoes-nik1zy7ok
[2026-06-08 15:05:58] image -> 'Best Seller Nike P-6000 Shoes $125'
[2026-06-08 15:05:58] Extracting field 'description' from chunk for https://www.nike.com/w/mens-shoes-nik1zy7ok
[2026-06-08 15:05:58] description -> ''
[2026-06-08 15:05:58] Extracting field 'name' from chunk for https://www.nike.com/w/mens-shoes-nik1zy7ok
[2026-06-08 15:05:58] name -> "Nike V5 RNR Men's Shoes"
[2026-06-08 15:05:58] Extracting field 'price' from chunk for https://www.nike.com/w/mens-shoes-nik1zy7ok
[2026-06-08 15:05:58] price -> '$95'
[2026-06-08 15:05:58] Extracting field 'image' from chunk for https://www.nike.com/w/mens-shoes-nik1zy7ok
[2026-06-08 15:05:58] image -> "Recycled Materials Nike V5 RNR Men's Shoes $95"
[2026-06-08 15:05:58] Extracting field 'description' from chunk for https://www.nike.com/w/mens-shoes-nik1zy7ok
[2026-06-08 15:05:58] description -> ''
[2026-06-08 15:05:58] Extracting field 'name' from chunk for https://www.nike.com/w/mens-shoes-nik1zy7ok
[2026-06-08 15:05:58] name -> "Nike ReactX Rejuven8 Men's Shoes"
[2026-06-08 15:05:58] Extracting field 'price' from chunk for https://www.nike.com/w/mens-shoes-nik1zy7ok
[2026-06-08 15:05:58] price -> '$85'
[2026-06-08 15:05:58] Extracting field 'image' from chunk for https://www.nike.com/w/mens-shoes-nik1zy7ok
[2026-06-08 15:05:58] image -> "Nike ReactX Rejuven8 Men's Shoes $85 See Price in Bag"
[2026-06-08 15:05:58] Extracting field 'description' from chunk for https://www.nike.com/w/mens-shoes-nik1zy7ok
[2026-06-08 15:05:58] description -> ''
[2026-06-08 15:05:58] Extracting field 'name' from chunk for https://www.nike.com/w/mens-shoes-nik1zy7ok
[2026-06-08 15:05:58] name -> "Nike Air Max 270 Men's Shoes"
[2026-06-08 15:05:58] Extracting field 'price' from chunk for https://www.nike.com/w/mens-shoes-nik1zy7ok
[2026-06-08 15:05:58] price -> '$170'
[2026-06-08 15:05:58] Extracting field 'image' from chunk for https://www.nike.com/w/mens-shoes-nik1zy7ok
[2026-06-08 15:05:58] image -> "Nike Air Max 270 Men's Shoes $170"
[2026-06-08 15:05:58] Extracting field 'description' from chunk for https://www.nike.com/w/mens-shoes-nik1zy7ok
[2026-06-08 15:05:58] description -> ''
[2026-06-08 15:05:58] Extracting field 'name' from chunk for https://www.nike.com/w/mens-shoes-nik1zy7ok
[2026-06-08 15:05:58] name -> "Nike Mind 001 Men's Pregame Mules"
[2026-06-08 15:05:58] Extracting field 'price' from chunk for https://www.nike.com/w/mens-shoes-nik1zy7ok
[2026-06-08 15:05:58] price -> '$95'
[2026-06-08 15:05:58] Extracting field 'image' from chunk for https://www.nike.com/w/mens-shoes-nik1zy7ok
[2026-06-08 15:05:58] image -> 'https://static.nike.com/a/images/t_web_pw_592_v2/f_auto/u_9ddf04c7-2a9a-4d76-add1-d15af8f0263d,c_scale,fl_relative,w_1.0,h_1.0,fl_layer_apply/ef2f4720-6ad2-4457-94b5-7a2390cf3cec/NIKE+MIND+001.png'
[2026-06-08 15:05:58] Extracting field 'description' from chunk for https://www.nike.com/w/mens-shoes-nik1zy7ok
[2026-06-08 15:05:58] description -> ''
[2026-06-08 15:05:58] Extracting field 'name' from chunk for https://www.nike.com/w/mens-shoes-nik1zy7ok
[2026-06-08 15:05:58] name -> 'Air Jordan 6 "Cap and Gown" Men\'s Shoes'
[2026-06-08 15:05:59] Extracting field 'price' from chunk for https://www.nike.com/w/mens-shoes-nik1zy7ok
[2026-06-08 15:05:59] price -> '$215'
[2026-06-08 15:05:59] Extracting field 'image' from chunk for https://www.nike.com/w/mens-shoes-nik1zy7ok
[2026-06-08 15:05:59] image -> 'https://static.nike.com/a/images/t_web_pw_592_v2/f_auto/u_126ab356-44d8-4a06-89b4-fcdcc8df0245,c_scale,fl_relative,w_1.0,h_1.0,fl_layer_apply/a75d9b6b-31ad-4272-8b7b-6a8114ab32a0/AIR+JORDAN+6+RETRO.png'
[2026-06-08 15:05:59] Extracting field 'description' from chunk for https://www.nike.com/w/mens-shoes-nik1zy7ok
[2026-06-08 15:05:59] description -> ''
[2026-06-08 15:05:59] Extracting field 'name' from chunk for https://www.nike.com/w/mens-shoes-nik1zy7ok
[2026-06-08 15:05:59] name -> "Nike Air Max 2017 Men's Shoes"
[2026-06-08 15:05:59] Extracting field 'price' from chunk for https://www.nike.com/w/mens-shoes-nik1zy7ok
[2026-06-08 15:05:59] price -> '$133.97 $190 29% off'
[2026-06-08 15:05:59] Extracting field 'image' from chunk for https://www.nike.com/w/mens-shoes-nik1zy7ok
[2026-06-08 15:05:59] image -> "Nike Air Max 2017 Men's Shoes $133.97 $190 29% off"
[2026-06-08 15:05:59] Extracting field 'description' from chunk for https://www.nike.com/w/mens-shoes-nik1zy7ok
[2026-06-08 15:05:59] description -> ''
[2026-06-08 15:05:59] Extracting field 'name' from chunk for https://www.nike.com/w/mens-shoes-nik1zy7ok
[2026-06-08 15:05:59] name -> 'Nike x Hyperice Hyperboot Shoes'
[2026-06-08 15:05:59] Extracting field 'price' from chunk for https://www.nike.com/w/mens-shoes-nik1zy7ok
[2026-06-08 15:05:59] price -> '$799'
[2026-06-08 15:05:59] Extracting field 'image' from chunk for https://www.nike.com/w/mens-shoes-nik1zy7ok
[2026-06-08 15:05:59] image -> 'https://static.nike.com/a/images/t_web_pw_592_v2/f_auto/u_9ddf04c7-2a9a-4d76-add1-d15af8f0263d,c_scale,fl_relative,w_1.0,h_1.0,fl_layer_apply/b58035e4-02b3-4432-bc58-4ab247ede73c/Hyperboot+by+Nike+x+Hyperice.png'
[2026-06-08 15:05:59] Extracting field 'description' from chunk for https://www.nike.com/w/mens-shoes-nik1zy7ok
[2026-06-08 15:05:59] description -> ''
[2026-06-08 15:05:59] Extracting field 'name' from chunk for https://www.nike.com/w/mens-shoes-nik1zy7ok
[2026-06-08 15:05:59] name -> 'Air Jordan 3 Retro "White and Orange Peel" Women\'s Shoes'
[2026-06-08 15:05:59] Extracting field 'price' from chunk for https://www.nike.com/w/mens-shoes-nik1zy7ok
[2026-06-08 15:05:59] price -> '$205'
[2026-06-08 15:05:59] Extracting field 'image' from chunk for https://www.nike.com/w/mens-shoes-nik1zy7ok
[2026-06-08 15:05:59] image -> 'https://static.nike.com/a/images/t_web_pw_592_v2/f_auto/u_126ab356-44d8-4a06-89b4-fcdcc8df0245,c_scale,fl_relative,w_1.0,h_1.0,fl_layer_apply/01f84eae-cfb0-43cb-b8c2-b353bd399fd9/WMNS+AIR+JORDAN+3+RETRO.png'
[2026-06-08 15:05:59] Extracting field 'description' from chunk for https://www.nike.com/w/mens-shoes-nik1zy7ok
[2026-06-08 15:05:59] description -> ''
[2026-06-08 15:05:59] Extracting field 'name' from chunk for https://www.nike.com/w/mens-shoes-nik1zy7ok
[2026-06-08 15:05:59] name -> 'Air Jordan 4 Retro "Pearl Pink and Iced Carmine" Women\'s Shoe'
[2026-06-08 15:05:59] Extracting field 'price' from chunk for https://www.nike.com/w/mens-shoes-nik1zy7ok
[2026-06-08 15:05:59] price -> '$220'
[2026-06-08 15:05:59] Extracting field 'image' from chunk for https://www.nike.com/w/mens-shoes-nik1zy7ok
[2026-06-08 15:05:59] image -> 'https://static.nike.com/a/images/t_web_pw_592_v2/f_auto/u_126ab356-44d8-4a06-89b4-fcdcc8df0245,c_scale,fl_relative,w_1.0,h_1.0,fl_layer_apply/d317631a-bb0e-4a04-9e93-eef0133d8f09/WMNS+AIR+JORDAN+4+RETRO+TEX.png'
[2026-06-08 15:05:59] Extracting field 'description' from chunk for https://www.nike.com/w/mens-shoes-nik1zy7ok
[2026-06-08 15:05:59] description -> ''
[2026-06-08 15:05:59] Extracting field 'name' from chunk for https://www.nike.com/w/mens-shoes-nik1zy7ok
[2026-06-08 15:05:59] name -> "Nike Air Max Command Men's Shoes"
[2026-06-08 15:05:59] Extracting field 'price' from chunk for https://www.nike.com/w/mens-shoes-nik1zy7ok
[2026-06-08 15:05:59] price -> '$77.97 $110 29% off'
[2026-06-08 15:05:59] Extracting field 'image' from chunk for https://www.nike.com/w/mens-shoes-nik1zy7ok
[2026-06-08 15:05:59] image -> 'https://static.nike.com/a/images/t_web_pw_592_v2/f_auto/u_9ddf04c7-2a9a-4d76-add1-d15af8f0263d,c_scale,fl_relative,w_1.0,h_1.0,fl_layer_apply/bfe1604b-702f-4fe4-8607-d2ffc84440c4/AIR+MAX+COMMAND.png'
[2026-06-08 15:05:59] Extracting field 'description' from chunk for https://www.nike.com/w/mens-shoes-nik1zy7ok
[2026-06-08 15:05:59] description -> ''
[2026-06-08 15:05:59] Found 2 missing required fields in https://www.nike.com/w/mens-shoes-nik1zy7ok
[2026-06-08 15:06:31] batch=1 pages_processed=1 max_pages=3 visited=1 queue=946
[2026-06-08 15:06:36] Extracted 1 chunks from https://www.nike.com/lego for record extraction
[2026-06-08 15:06:36] Extracting field 'name' from chunk for https://www.nike.com/lego
