[2026-06-08 14:26:05] Starting spider crawl at https://www.hp.com/us-en/shop/slp/weekly-deals/laptops with max_pages=1 and custom_fields=['name', 'price', 'image', 'sku']
[2026-06-08 14:26:10] Extracted 6 chunks from https://www.hp.com/us-en/shop/slp/weekly-deals/laptops for record extraction
[2026-06-08 14:26:10] Extracting field 'name' from chunk for https://www.hp.com/us-en/shop/slp/weekly-deals/laptops
[2026-06-08 14:26:10] name -> 'HP OmniBook X Flip 2-in-1 Laptop Next Gen AI 14t-fm000, 14"'
[2026-06-08 14:26:10] Extracting field 'price' from chunk for https://www.hp.com/us-en/shop/slp/weekly-deals/laptops
[2026-06-08 14:26:10] price -> '779.99'
[2026-06-08 14:26:10] Extracting field 'image' from chunk for https://www.hp.com/us-en/shop/slp/weekly-deals/laptops
[2026-06-08 14:26:10] image -> '["https://hp.widen.net/content/5pgfvgvwwh/webp/5pgfvgvwwh.png?dpi=72&color=ffffff00&w=270", "https://hp.widen.net/content/zvowgikpyh/webp/zvowgikpyh.png?dpi=72&color=ffffff00&w=270", "https://hp.widen.net/content/imyexze41s/webp/imyexze41s.png?dpi=72&color=ffffff00&w=270", "https://hp.widen.net/content/zvowgikpyh/webp/zvowgikpyh.png?dpi=72&color=ffffff00&w=270", "https://hp.widen.net/content/qxzng4ma1s/webp/qxzng4ma1s.png?dpi=72&color=ffffff00&w=270", "https://hp.widen.net/content/2ummkp5hx9/webp/2ummkp5hx9.png?dpi=72&color=ffffff00&w=270"]'
[2026-06-08 14:26:10] Extracting field 'sku' from chunk for https://www.hp.com/us-en/shop/slp/weekly-deals/laptops
[2026-06-08 14:26:10] sku -> 'AK4Z4AV_1'
[2026-06-08 14:26:10] Extracting field 'name' from chunk for https://www.hp.com/us-en/shop/slp/weekly-deals/laptops
[2026-06-08 14:26:11] name -> 'HP Laptop 15t-fd000, 15.6"'
[2026-06-08 14:26:11] Extracting field 'price' from chunk for https://www.hp.com/us-en/shop/slp/weekly-deals/laptops
[2026-06-08 14:26:11] price -> '399.99'
[2026-06-08 14:26:11] Extracting field 'image' from chunk for https://www.hp.com/us-en/shop/slp/weekly-deals/laptops
[2026-06-08 14:26:11] image -> '["https://hp.widen.net/content/xrfmzzssxz/webp/xrfmzzssxz.png?dpi=72&color=ffffff00&w=270", "https://hp.widen.net/content/o2n0m3ed8a/webp/o2n0m3ed8a.png?dpi=72&color=ffffff00&w=270", "https://hp.widen.net/content/ocihkb2swg/webp/ocihkb2swg.png?dpi=72&color=ffffff00&w=270", "https://hp.widen.net/content/pquuvh4jcx/webp/pquuvh4jcx.png?dpi=72&color=ffffff00&w=270", "https://hp.widen.net/content/3zw7cfrq3k/webp/3zw7cfrq3k.png?dpi=72&color=ffffff00&w=270", "https://hp.widen.net/content/bybhy1f1fz/webp/bybhy1f1fz.png?dpi=72&color=ffffff00&w=270"]'
[2026-06-08 14:26:11] Extracting field 'sku' from chunk for https://www.hp.com/us-en/shop/slp/weekly-deals/laptops
[2026-06-08 14:26:11] sku -> '7P8K6AV_1'
[2026-06-08 14:26:11] Extracting field 'name' from chunk for https://www.hp.com/us-en/shop/slp/weekly-deals/laptops
[2026-06-08 14:26:11] name -> 'HP OmniBook 7 Laptop Next Gen AI PC 17t-dc000, 17.3" Touch Screen'
[2026-06-08 14:26:11] Extracting field 'price' from chunk for https://www.hp.com/us-en/shop/slp/weekly-deals/laptops
[2026-06-08 14:26:11] price -> '739.99'
[2026-06-08 14:26:11] Extracting field 'image' from chunk for https://www.hp.com/us-en/shop/slp/weekly-deals/laptops
[2026-06-08 14:26:11] image -> '["https://hp.widen.net/content/ibh6hebz5t/webp/ibh6hebz5t.png?dpi=72&color=ffffff00&w=270", "https://hp.widen.net/content/wvrn5v4gcy/webp/wvrn5v4gcy.png?dpi=72&color=ffffff00&w=270", "https://hp.widen.net/content/rfwjnwy5t3/webp/rfwjnwy5t3.png?dpi=72&color=ffffff00&w=270", "https://hp.widen.net/content/8v3trkb5b2/webp/8v3trkb5b2.png?dpi=72&color=ffffff00&w=270", "https://hp.widen.net/content/zwgkoa9uoh/webp/zwgkoa9uoh.png?dpi=72&color=ffffff00&w=270", "https://hp.widen.net/content/wvrn5v4gcy/webp/wvrn5v4gcy.png?dpi=72&color=ffffff00&w=270", "https://hp.widen.net/content/1y9uwi6yin/webp/1y9uwi6yin.png?dpi=72&color=ffffff00&w=270", "https://hp.widen.net/content/p6nayelcbq/webp/p6nayelcbq.png?dpi=72&color=ffffff00&w=270"]'
[2026-06-08 14:26:11] Extracting field 'sku' from chunk for https://www.hp.com/us-en/shop/slp/weekly-deals/laptops
[2026-06-08 14:26:11] sku -> 'BD6A3AV_1'
[2026-06-08 14:26:11] Extracting field 'name' from chunk for https://www.hp.com/us-en/shop/slp/weekly-deals/laptops
[2026-06-08 14:26:11] name -> 'HP Laptop 17t-cn300, 17.3"'
[2026-06-08 14:26:11] Extracting field 'price' from chunk for https://www.hp.com/us-en/shop/slp/weekly-deals/laptops
[2026-06-08 14:26:11] price -> '359.99'
[2026-06-08 14:26:11] Extracting field 'image' from chunk for https://www.hp.com/us-en/shop/slp/weekly-deals/laptops
[2026-06-08 14:26:11] image -> '["https://hp.widen.net/content/b6nf4nqwf9/webp/b6nf4nqwf9.png?dpi=72&color=ffffff00&w=270", "https://hp.widen.net/content/dctfn4vhka/webp/dctfn4vhka.png?dpi=72&color=ffffff00&w=270", "https://hp.widen.net/content/cs2ckw9tjc/webp/cs2ckw9tjc.png?dpi=72&color=ffffff00&w=270", "https://hp.widen.net/content/gwyrcpp5ld/webp/gwyrcpp5ld.png?dpi=72&color=ffffff00&w=270", "https://hp.widen.net/content/akabd7djp0/webp/akabd7djp0.png?dpi=72&color=ffffff00&w=270", "https://hp.widen.net/content/czicxyqal8/webp/czicxyqal8.png?dpi=72&color=ffffff00&w=270"]'
[2026-06-08 14:26:11] Extracting field 'sku' from chunk for https://www.hp.com/us-en/shop/slp/weekly-deals/laptops
[2026-06-08 14:26:11] sku -> '7P3Q0AV_1'
[2026-06-08 14:26:11] Extracting field 'name' from chunk for https://www.hp.com/us-en/shop/slp/weekly-deals/laptops
[2026-06-08 14:26:11] name -> 'HP OmniBook 7 Flip 2-in-1 Next Gen AI 16t-au000, 16" Touch screen'
[2026-06-08 14:26:11] Extracting field 'price' from chunk for https://www.hp.com/us-en/shop/slp/weekly-deals/laptops
[2026-06-08 14:26:11] price -> '709.99'
[2026-06-08 14:26:11] Extracting field 'image' from chunk for https://www.hp.com/us-en/shop/slp/weekly-deals/laptops
[2026-06-08 14:26:11] image -> '["https://hp.widen.net/content/ftflkcgoj3/webp/ftflkcgoj3.png?dpi=72&color=ffffff00&w=270", "https://hp.widen.net/content/qx7pcdppml/webp/qx7pcdppml.png?dpi=72&color=ffffff00&w=270", "https://hp.widen.net/content/vwoqv4lsoh/webp/vwoqv4lsoh.png?dpi=72&color=ffffff00&w=270", "https://hp.widen.net/content/qruhwum7et/webp/qruhwum7et.png?dpi=72&color=ffffff00&w=270", "https://hp.widen.net/content/7slwnlywmp/webp/7slwnlywmp.png?dpi=72&color=ffffff00&w=270", "https://hp.widen.net/content/mlslbfc0ow/webp/mlslbfc0ow.png?dpi=72&color=ffffff00&w=270", "https://hp.widen.net/content/wpvx8c8p0k/webp/wpvx8c8p0k.png?dpi=72&color=ffffff00&w=270"]'
[2026-06-08 14:26:11] Extracting field 'sku' from chunk for https://www.hp.com/us-en/shop/slp/weekly-deals/laptops
[2026-06-08 14:26:11] sku -> 'AK4J7AV_1'
[2026-06-08 14:26:11] Extracting field 'name' from chunk for https://www.hp.com/us-en/shop/slp/weekly-deals/laptops
[2026-06-08 14:26:11] name -> ''
[2026-06-08 14:26:11] Extracting field 'price' from chunk for https://www.hp.com/us-en/shop/slp/weekly-deals/laptops
[2026-06-08 14:26:11] price -> ''
[2026-06-08 14:26:11] Extracting field 'image' from chunk for https://www.hp.com/us-en/shop/slp/weekly-deals/laptops
[2026-06-08 14:26:11] image -> '/wcsstore/hpusstore/Treatment/SLPs/MSFT/HP-OmniBook-5-16-inch-Glacier-Silver.png'
[2026-06-08 14:26:11] Extracting field 'sku' from chunk for https://www.hp.com/us-en/shop/slp/weekly-deals/laptops
[2026-06-08 14:26:11] sku -> ''
[2026-06-08 14:26:11] Found 3 missing required fields in https://www.hp.com/us-en/shop/slp/weekly-deals/laptops
[2026-06-08 14:26:36] batch=1 pages_processed=1 max_pages=1 visited=1 queue=192
