[2026-06-08 14:39:00] Starting spider crawl at https://www.hp.com/us-en/shop/slp/weekly-deals/laptops with max_pages=1 and custom_fields=['name', 'price', 'image', 'sku']
[2026-06-08 14:39:08] Extracted 19 chunks from https://www.hp.com/us-en/shop/slp/weekly-deals/laptops for record extraction
[2026-06-08 14:39:08] Extracting field 'name' from chunk for https://www.hp.com/us-en/shop/slp/weekly-deals/laptops
[2026-06-08 14:39:08] name -> 'HP OmniBook X Flip 2-in-1 Laptop Next Gen AI 14t-fm000, 14"'
[2026-06-08 14:39:08] Extracting field 'price' from chunk for https://www.hp.com/us-en/shop/slp/weekly-deals/laptops
[2026-06-08 14:39:08] price -> '779.99'
[2026-06-08 14:39:08] Extracting field 'image' from chunk for https://www.hp.com/us-en/shop/slp/weekly-deals/laptops
[2026-06-08 14:39:08] image -> '["https://hp.widen.net/content/5pgfvgvwwh/webp/5pgfvgvwwh.png?dpi=72&color=ffffff00&w=270", "https://hp.widen.net/content/zvowgikpyh/webp/zvowgikpyh.png?dpi=72&color=ffffff00&w=270", "https://hp.widen.net/content/imyexze41s/webp/imyexze41s.png?dpi=72&color=ffffff00&w=270", "https://hp.widen.net/content/zvowgikpyh/webp/zvowgikpyh.png?dpi=72&color=ffffff00&w=270", "https://hp.widen.net/content/qxzng4ma1s/webp/qxzng4ma1s.png?dpi=72&color=ffffff00&w=270", "https://hp.widen.net/content/2ummkp5hx9/webp/2ummkp5hx9.png?dpi=72&color=ffffff00&w=270"]'
[2026-06-08 14:39:08] Extracting field 'sku' from chunk for https://www.hp.com/us-en/shop/slp/weekly-deals/laptops
[2026-06-08 14:39:08] sku -> 'AK4Z4AV_1'
[2026-06-08 14:39:08] Extracting field 'name' from chunk for https://www.hp.com/us-en/shop/slp/weekly-deals/laptops
[2026-06-08 14:39:08] name -> 'HP Laptop 15t-fd000, 15.6"'
[2026-06-08 14:39:08] Extracting field 'price' from chunk for https://www.hp.com/us-en/shop/slp/weekly-deals/laptops
[2026-06-08 14:39:08] price -> '399.99'
[2026-06-08 14:39:08] Extracting field 'image' from chunk for https://www.hp.com/us-en/shop/slp/weekly-deals/laptops
[2026-06-08 14:39:08] image -> '["https://hp.widen.net/content/xrfmzzssxz/webp/xrfmzzssxz.png?dpi=72&color=ffffff00&w=270", "https://hp.widen.net/content/o2n0m3ed8a/webp/o2n0m3ed8a.png?dpi=72&color=ffffff00&w=270", "https://hp.widen.net/content/ocihkb2swg/webp/ocihkb2swg.png?dpi=72&color=ffffff00&w=270", "https://hp.widen.net/content/pquuvh4jcx/webp/pquuvh4jcx.png?dpi=72&color=ffffff00&w=270", "https://hp.widen.net/content/3zw7cfrq3k/webp/3zw7cfrq3k.png?dpi=72&color=ffffff00&w=270", "https://hp.widen.net/content/bybhy1f1fz/webp/bybhy1f1fz.png?dpi=72&color=ffffff00&w=270"]'
[2026-06-08 14:39:08] Extracting field 'sku' from chunk for https://www.hp.com/us-en/shop/slp/weekly-deals/laptops
[2026-06-08 14:39:08] sku -> '7P8K6AV_1'
[2026-06-08 14:39:08] Extracting field 'name' from chunk for https://www.hp.com/us-en/shop/slp/weekly-deals/laptops
[2026-06-08 14:39:08] name -> 'HP OmniBook 7 Laptop Next Gen AI PC 17t-dc000, 17.3" Touch Screen'
[2026-06-08 14:39:08] Extracting field 'price' from chunk for https://www.hp.com/us-en/shop/slp/weekly-deals/laptops
[2026-06-08 14:39:08] price -> '739.99'
[2026-06-08 14:39:08] Extracting field 'image' from chunk for https://www.hp.com/us-en/shop/slp/weekly-deals/laptops
[2026-06-08 14:39:08] image -> '["https://hp.widen.net/content/ibh6hebz5t/webp/ibh6hebz5t.png?dpi=72&color=ffffff00&w=270", "https://hp.widen.net/content/wvrn5v4gcy/webp/wvrn5v4gcy.png?dpi=72&color=ffffff00&w=270", "https://hp.widen.net/content/rfwjnwy5t3/webp/rfwjnwy5t3.png?dpi=72&color=ffffff00&w=270", "https://hp.widen.net/content/8v3trkb5b2/webp/8v3trkb5b2.png?dpi=72&color=ffffff00&w=270", "https://hp.widen.net/content/zwgkoa9uoh/webp/zwgkoa9uoh.png?dpi=72&color=ffffff00&w=270", "https://hp.widen.net/content/wvrn5v4gcy/webp/wvrn5v4gcy.png?dpi=72&color=ffffff00&w=270", "https://hp.widen.net/content/1y9uwi6yin/webp/1y9uwi6yin.png?dpi=72&color=ffffff00&w=270", "https://hp.widen.net/content/p6nayelcbq/webp/p6nayelcbq.png?dpi=72&color=ffffff00&w=270"]'
[2026-06-08 14:39:08] Extracting field 'sku' from chunk for https://www.hp.com/us-en/shop/slp/weekly-deals/laptops
[2026-06-08 14:39:08] sku -> 'BD6A3AV_1'
[2026-06-08 14:39:08] Extracting field 'name' from chunk for https://www.hp.com/us-en/shop/slp/weekly-deals/laptops
[2026-06-08 14:39:08] name -> 'HP Laptop 17t-cn300, 17.3"'
[2026-06-08 14:39:08] Extracting field 'price' from chunk for https://www.hp.com/us-en/shop/slp/weekly-deals/laptops
[2026-06-08 14:39:08] price -> '359.99'
[2026-06-08 14:39:08] Extracting field 'image' from chunk for https://www.hp.com/us-en/shop/slp/weekly-deals/laptops
[2026-06-08 14:39:08] image -> '["https://hp.widen.net/content/b6nf4nqwf9/webp/b6nf4nqwf9.png?dpi=72&color=ffffff00&w=270", "https://hp.widen.net/content/dctfn4vhka/webp/dctfn4vhka.png?dpi=72&color=ffffff00&w=270", "https://hp.widen.net/content/cs2ckw9tjc/webp/cs2ckw9tjc.png?dpi=72&color=ffffff00&w=270", "https://hp.widen.net/content/gwyrcpp5ld/webp/gwyrcpp5ld.png?dpi=72&color=ffffff00&w=270", "https://hp.widen.net/content/akabd7djp0/webp/akabd7djp0.png?dpi=72&color=ffffff00&w=270", "https://hp.widen.net/content/czicxyqal8/webp/czicxyqal8.png?dpi=72&color=ffffff00&w=270"]'
[2026-06-08 14:39:08] Extracting field 'sku' from chunk for https://www.hp.com/us-en/shop/slp/weekly-deals/laptops
[2026-06-08 14:39:08] sku -> '7P3Q0AV_1'
[2026-06-08 14:39:08] Extracting field 'name' from chunk for https://www.hp.com/us-en/shop/slp/weekly-deals/laptops
[2026-06-08 14:39:08] name -> 'HP OmniBook 7 Flip 2-in-1 Next Gen AI 16t-au000, 16" Touch screen'
[2026-06-08 14:39:08] Extracting field 'price' from chunk for https://www.hp.com/us-en/shop/slp/weekly-deals/laptops
[2026-06-08 14:39:08] price -> '709.99'
[2026-06-08 14:39:08] Extracting field 'image' from chunk for https://www.hp.com/us-en/shop/slp/weekly-deals/laptops
[2026-06-08 14:39:08] image -> '["https://hp.widen.net/content/ftflkcgoj3/webp/ftflkcgoj3.png?dpi=72&color=ffffff00&w=270", "https://hp.widen.net/content/qx7pcdppml/webp/qx7pcdppml.png?dpi=72&color=ffffff00&w=270", "https://hp.widen.net/content/vwoqv4lsoh/webp/vwoqv4lsoh.png?dpi=72&color=ffffff00&w=270", "https://hp.widen.net/content/qruhwum7et/webp/qruhwum7et.png?dpi=72&color=ffffff00&w=270", "https://hp.widen.net/content/7slwnlywmp/webp/7slwnlywmp.png?dpi=72&color=ffffff00&w=270", "https://hp.widen.net/content/mlslbfc0ow/webp/mlslbfc0ow.png?dpi=72&color=ffffff00&w=270", "https://hp.widen.net/content/wpvx8c8p0k/webp/wpvx8c8p0k.png?dpi=72&color=ffffff00&w=270"]'
[2026-06-08 14:39:08] Extracting field 'sku' from chunk for https://www.hp.com/us-en/shop/slp/weekly-deals/laptops
[2026-06-08 14:39:08] sku -> 'AK4J7AV_1'
[2026-06-08 14:39:08] Extracting field 'name' from chunk for https://www.hp.com/us-en/shop/slp/weekly-deals/laptops
[2026-06-08 14:39:08] name -> 'OMEN MAX Gaming Laptop 16-ah0097nr 16",\xa0Windows 11 Home, \xa0Intel® Core™ Ultra 9,\xa032GB RAM,\xa01TB SSD,\xa0NVIDIA® GeForce RTX™ 5080,\xa0WQXGA,\xa0Shadow black'
[2026-06-08 14:39:08] Extracting field 'price' from chunk for https://www.hp.com/us-en/shop/slp/weekly-deals/laptops
[2026-06-08 14:39:08] price -> '2699.99'
[2026-06-08 14:39:08] Extracting field 'image' from chunk for https://www.hp.com/us-en/shop/slp/weekly-deals/laptops
[2026-06-08 14:39:08] image -> '["https://hp.widen.net/content/cpaykgeq1w/webp/cpaykgeq1w.png?dpi=72&color=ffffff00&w=270", "https://hp.widen.net/content/dpycyehnfn/webp/dpycyehnfn.png?dpi=72&color=ffffff00&w=270", "https://hp.widen.net/content/vhkxckwixp/webp/vhkxckwixp.png?dpi=72&color=ffffff00&w=270", "https://hp.widen.net/content/xgazyydtgx/webp/xgazyydtgx.png?dpi=72&color=ffffff00&w=270", "https://hp.widen.net/content/eobrstaiqm/webp/eobrstaiqm.png?dpi=72&color=ffffff00&w=270", "https://hp.widen.net/content/3tisp3evp5/webp/3tisp3evp5.png?dpi=72&color=ffffff00&w=270", "https://hp.widen.net/content/msrey5fbtq/webp/msrey5fbtq.png?dpi=72&color=ffffff00&w=270"]'
[2026-06-08 14:39:08] Extracting field 'sku' from chunk for https://www.hp.com/us-en/shop/slp/weekly-deals/laptops
[2026-06-08 14:39:08] sku -> 'B64BNUA#ABA'
[2026-06-08 14:39:08] Extracting field 'name' from chunk for https://www.hp.com/us-en/shop/slp/weekly-deals/laptops
[2026-06-08 14:39:08] name -> 'HP OmniBook 5 Laptop Next Gen AI 16z-ag100, 16"'
[2026-06-08 14:39:08] Extracting field 'price' from chunk for https://www.hp.com/us-en/shop/slp/weekly-deals/laptops
[2026-06-08 14:39:08] price -> '599.99'
[2026-06-08 14:39:08] Extracting field 'image' from chunk for https://www.hp.com/us-en/shop/slp/weekly-deals/laptops
[2026-06-08 14:39:08] image -> '["https://hp.widen.net/content/fp47pbagq4/webp/fp47pbagq4.png?dpi=72&color=ffffff00&w=270", "https://hp.widen.net/content/weow4yffxj/webp/weow4yffxj.png?dpi=72&color=ffffff00&w=270", "https://hp.widen.net/content/r7wku6bpkt/webp/r7wku6bpkt.png?dpi=72&color=ffffff00&w=270", "https://hp.widen.net/content/pu8whalcmw/webp/pu8whalcmw.png?dpi=72&color=ffffff00&w=270", "https://hp.widen.net/content/l1usde7awc/webp/l1usde7awc.png?dpi=72&color=ffffff00&w=270"]'
[2026-06-08 14:39:08] Extracting field 'sku' from chunk for https://www.hp.com/us-en/shop/slp/weekly-deals/laptops
[2026-06-08 14:39:08] sku -> 'AR7B2AV_1'
[2026-06-08 14:39:08] Extracting field 'name' from chunk for https://www.hp.com/us-en/shop/slp/weekly-deals/laptops
[2026-06-08 14:39:08] name -> 'HP OmniBook 7 Laptop Next Gen AI 17-dc0037nr 17.3",\xa0Touch screen,\xa0Windows 11 Home, \xa0Intel® Core™ Ultra 5,\xa016GB RAM,\xa0512GB SSD,\xa0FHD,\xa0Glacier silver'
[2026-06-08 14:39:08] Extracting field 'price' from chunk for https://www.hp.com/us-en/shop/slp/weekly-deals/laptops
[2026-06-08 14:39:08] price -> '729.99'
[2026-06-08 14:39:08] Extracting field 'image' from chunk for https://www.hp.com/us-en/shop/slp/weekly-deals/laptops
[2026-06-08 14:39:08] image -> '["https://hp.widen.net/content/ibh6hebz5t/webp/ibh6hebz5t.png?dpi=72&color=ffffff00&w=270", "https://hp.widen.net/content/rfwjnwy5t3/webp/rfwjnwy5t3.png?dpi=72&color=ffffff00&w=270", "https://hp.widen.net/content/8v3trkb5b2/webp/8v3trkb5b2.png?dpi=72&color=ffffff00&w=270", "https://hp.widen.net/content/zwgkoa9uoh/webp/zwgkoa9uoh.png?dpi=72&color=ffffff00&w=270", "https://hp.widen.net/content/wvrn5v4gcy/webp/wvrn5v4gcy.png?dpi=72&color=ffffff00&w=270", "https://hp.widen.net/content/1y9uwi6yin/webp/1y9uwi6yin.png?dpi=72&color=ffffff00&w=270", "https://hp.widen.net/content/p6nayelcbq/webp/p6nayelcbq.png?dpi=72&color=ffffff00&w=270"]'
[2026-06-08 14:39:08] Extracting field 'sku' from chunk for https://www.hp.com/us-en/shop/slp/weekly-deals/laptops
[2026-06-08 14:39:08] sku -> 'BE1C5UA#ABA'
[2026-06-08 14:39:08] Extracting field 'name' from chunk for https://www.hp.com/us-en/shop/slp/weekly-deals/laptops
[2026-06-08 14:39:08] name -> 'HP OmniBook X Laptop Next Gen AI 17-dd0047nr 17.3",\xa0Touch screen,\xa0Windows 11 Home, \xa0Intel® Core™ Ultra 7,\xa016GB RAM,\xa0512GB SSD,\xa0FHD,\xa0Glacier silver'
[2026-06-08 14:39:08] Extracting field 'price' from chunk for https://www.hp.com/us-en/shop/slp/weekly-deals/laptops
[2026-06-08 14:39:08] price -> '799.99'
[2026-06-08 14:39:08] Extracting field 'image' from chunk for https://www.hp.com/us-en/shop/slp/weekly-deals/laptops
[2026-06-08 14:39:08] image -> '["https://hp.widen.net/content/yz1cwyyxcz/webp/yz1cwyyxcz.png?dpi=72&color=ffffff00&w=270", "https://hp.widen.net/content/a4vwwscfe1/webp/a4vwwscfe1.png?dpi=72&color=ffffff00&w=270", "https://hp.widen.net/content/wkf3ocdfxk/webp/wkf3ocdfxk.png?dpi=72&color=ffffff00&w=270", "https://hp.widen.net/content/f8dxf6w3my/webp/f8dxf6w3my.png?dpi=72&color=ffffff00&w=270", "https://hp.widen.net/content/q5x4em9gsn/webp/q5x4em9gsn.png?dpi=72&color=ffffff00&w=270", "https://hp.widen.net/content/arwuhsocn5/webp/arwuhsocn5.png?dpi=72&color=ffffff00&w=270", "https://hp.widen.net/content/rpnez5mhtl/webp/rpnez5mhtl.png?dpi=72&color=ffffff00&w=270"]'
[2026-06-08 14:39:08] Extracting field 'sku' from chunk for https://www.hp.com/us-en/shop/slp/weekly-deals/laptops
[2026-06-08 14:39:08] sku -> 'B88A2UA#ABA'
[2026-06-08 14:39:08] Extracting field 'name' from chunk for https://www.hp.com/us-en/shop/slp/weekly-deals/laptops
[2026-06-08 14:39:08] name -> 'HP OmniBook 5 Laptop 16-bc1047nr 16",\xa0Windows 11 Home, \xa0AMD Ryzen™ 7,\xa016GB RAM,\xa0512GB SSD,\xa02K,\xa0Glacier silver'
[2026-06-08 14:39:08] Extracting field 'price' from chunk for https://www.hp.com/us-en/shop/slp/weekly-deals/laptops
[2026-06-08 14:39:08] price -> '649.99'
[2026-06-08 14:39:08] Extracting field 'image' from chunk for https://www.hp.com/us-en/shop/slp/weekly-deals/laptops
[2026-06-08 14:39:08] image -> '["https://hp.widen.net/content/el9d40yisx/webp/el9d40yisx.png?dpi=72&color=ffffff00&w=270", "https://hp.widen.net/content/rfwbpetf6l/webp/rfwbpetf6l.png?dpi=72&color=ffffff00&w=270", "https://hp.widen.net/content/m9mhict3at/webp/m9mhict3at.png?dpi=72&color=ffffff00&w=270", "https://hp.widen.net/content/n9y5bwi5or/webp/n9y5bwi5or.png?dpi=72&color=ffffff00&w=270", "https://hp.widen.net/content/0qqyxpmk5u/webp/0qqyxpmk5u.png?dpi=72&color=ffffff00&w=270", "https://hp.widen.net/content/kf7wafqbyp/webp/kf7wafqbyp.png?dpi=72&color=ffffff00&w=270", "https://hp.widen.net/content/jwi6grr1dw/webp/jwi6grr1dw.png?dpi=72&color=ffffff00&w=270"]'
[2026-06-08 14:39:08] Extracting field 'sku' from chunk for https://www.hp.com/us-en/shop/slp/weekly-deals/laptops
[2026-06-08 14:39:08] sku -> 'B7NG1UA#ABA'
[2026-06-08 14:39:08] Extracting field 'name' from chunk for https://www.hp.com/us-en/shop/slp/weekly-deals/laptops
[2026-06-08 14:39:08] name -> 'HP Laptop AI 14t-hc000, 14"'
[2026-06-08 14:39:08] Extracting field 'price' from chunk for https://www.hp.com/us-en/shop/slp/weekly-deals/laptops
[2026-06-08 14:39:08] price -> '399.99'
[2026-06-08 14:39:08] Extracting field 'image' from chunk for https://www.hp.com/us-en/shop/slp/weekly-deals/laptops
[2026-06-08 14:39:08] image -> '["https://hp.widen.net/content/47yod4ounh/webp/47yod4ounh.png?dpi=72&color=ffffff00&w=270", "https://hp.widen.net/content/it0crxdrdz/webp/it0crxdrdz.png?dpi=72&color=ffffff00&w=270", "https://hp.widen.net/content/wun4b0vv4m/webp/wun4b0vv4m.png?dpi=72&color=ffffff00&w=270"]'
[2026-06-08 14:39:08] Extracting field 'sku' from chunk for https://www.hp.com/us-en/shop/slp/weekly-deals/laptops
[2026-06-08 14:39:08] sku -> 'B61BYAV_1'
[2026-06-08 14:39:08] Extracting field 'name' from chunk for https://www.hp.com/us-en/shop/slp/weekly-deals/laptops
[2026-06-08 14:39:08] name -> 'HP OmniBook 7 Laptop AI 16t-az000, 16"'
[2026-06-08 14:39:08] Extracting field 'price' from chunk for https://www.hp.com/us-en/shop/slp/weekly-deals/laptops
[2026-06-08 14:39:08] price -> '799.99'
[2026-06-08 14:39:08] Extracting field 'image' from chunk for https://www.hp.com/us-en/shop/slp/weekly-deals/laptops
[2026-06-08 14:39:08] image -> '["https://hp.widen.net/content/okaik5jt1f/webp/okaik5jt1f.png?dpi=72&color=ffffff00&w=270", "https://hp.widen.net/content/hnnlqmyw9c/webp/hnnlqmyw9c.png?dpi=72&color=ffffff00&w=270", "https://hp.widen.net/content/ptkupe2s8i/webp/ptkupe2s8i.png?dpi=72&color=ffffff00&w=270", "https://hp.widen.net/content/ksa7bf4pb7/webp/ksa7bf4pb7.png?dpi=72&color=ffffff00&w=270"]'
[2026-06-08 14:39:08] Extracting field 'sku' from chunk for https://www.hp.com/us-en/shop/slp/weekly-deals/laptops
[2026-06-08 14:39:08] sku -> 'BL5U8AV_1'
[2026-06-08 14:39:08] Extracting field 'name' from chunk for https://www.hp.com/us-en/shop/slp/weekly-deals/laptops
[2026-06-08 14:39:08] name -> 'HP OmniBook 7 Flip 2-in-1 Laptop Next Gen AI 16-au0047nr 16",\xa0Touch screen,\xa0Windows 11 Home, \xa0Intel® Core™ Ultra 7,\xa016GB RAM,\xa01TB SSD,\xa03K,\xa0Glacier silver'
[2026-06-08 14:39:08] Extracting field 'price' from chunk for https://www.hp.com/us-en/shop/slp/weekly-deals/laptops
[2026-06-08 14:39:08] price -> '929.99'
[2026-06-08 14:39:08] Extracting field 'image' from chunk for https://www.hp.com/us-en/shop/slp/weekly-deals/laptops
[2026-06-08 14:39:08] image -> '["https://hp.widen.net/content/ftflkcgoj3/webp/ftflkcgoj3.png?dpi=72&color=ffffff00&w=270", "https://hp.widen.net/content/qx7pcdppml/webp/qx7pcdppml.png?dpi=72&color=ffffff00&w=270", "https://hp.widen.net/content/vwoqv4lsoh/webp/vwoqv4lsoh.png?dpi=72&color=ffffff00&w=270", "https://hp.widen.net/content/qruhwum7et/webp/qruhwum7et.png?dpi=72&color=ffffff00&w=270", "https://hp.widen.net/content/7slwnlywmp/webp/7slwnlywmp.png?dpi=72&color=ffffff00&w=270", "https://hp.widen.net/content/mlslbfc0ow/webp/mlslbfc0ow.png?dpi=72&color=ffffff00&w=270", "https://hp.widen.net/content/wpvx8c8p0k/webp/wpvx8c8p0k.png?dpi=72&color=ffffff00&w=270"]'
[2026-06-08 14:39:08] Extracting field 'sku' from chunk for https://www.hp.com/us-en/shop/slp/weekly-deals/laptops
[2026-06-08 14:39:08] sku -> 'BT5B6UA#ABA'
[2026-06-08 14:39:08] Extracting field 'name' from chunk for https://www.hp.com/us-en/shop/slp/weekly-deals/laptops
[2026-06-08 14:39:08] name -> 'HP OmniBook 7 Laptop AI 16-ay0087nr 16",\xa0Touch screen,\xa0Windows 11 Home, \xa0Intel® Core™ Ultra 7,\xa016GB RAM,\xa01TB SSD,\xa0NVIDIA® GeForce RTX™ 4050,\xa02K,\xa0Glacier silver'
[2026-06-08 14:39:08] Extracting field 'price' from chunk for https://www.hp.com/us-en/shop/slp/weekly-deals/laptops
[2026-06-08 14:39:08] price -> '1349.99'
[2026-06-08 14:39:08] Extracting field 'image' from chunk for https://www.hp.com/us-en/shop/slp/weekly-deals/laptops
[2026-06-08 14:39:08] image -> '["https://hp.widen.net/content/okaik5jt1f/webp/okaik5jt1f.png?dpi=72&color=ffffff00&w=270", "https://hp.widen.net/content/hnnlqmyw9c/webp/hnnlqmyw9c.png?dpi=72&color=ffffff00&w=270", "https://hp.widen.net/content/h80kjvrk0g/webp/h80kjvrk0g.png?dpi=72&color=ffffff00&w=270", "https://hp.widen.net/content/2jnm7iswj2/webp/2jnm7iswj2.png?dpi=72&color=ffffff00&w=270", "https://hp.widen.net/content/tt5mx2jnxx/webp/tt5mx2jnxx.png?dpi=72&color=ffffff00&w=270", "https://hp.widen.net/content/ksa7bf4pb7/webp/ksa7bf4pb7.png?dpi=72&color=ffffff00&w=270", "https://hp.widen.net/content/rcbcj7yitp/webp/rcbcj7yitp.png?dpi=72&color=ffffff00&w=270"]'
[2026-06-08 14:39:08] Extracting field 'sku' from chunk for https://www.hp.com/us-en/shop/slp/weekly-deals/laptops
[2026-06-08 14:39:08] sku -> 'B87ZPUA#ABA'
[2026-06-08 14:39:08] Extracting field 'name' from chunk for https://www.hp.com/us-en/shop/slp/weekly-deals/laptops
[2026-06-08 14:39:08] name -> 'HP Laptop AI 15-fd2077nr 15.6",\xa0Windows 11 Home, \xa0Intel® Core™ Ultra 7,\xa016GB RAM,\xa0512GB SSD,\xa0FHD,\xa0Natural silver'
[2026-06-08 14:39:08] Extracting field 'price' from chunk for https://www.hp.com/us-en/shop/slp/weekly-deals/laptops
[2026-06-08 14:39:08] price -> '649.99'
[2026-06-08 14:39:08] Extracting field 'image' from chunk for https://www.hp.com/us-en/shop/slp/weekly-deals/laptops
[2026-06-08 14:39:08] image -> '["https://hp.widen.net/content/blmftmztbh/webp/blmftmztbh.png?dpi=72&color=ffffff00&w=270", "https://hp.widen.net/content/9fgqoivxlh/webp/9fgqoivxlh.png?dpi=72&color=ffffff00&w=270", "https://hp.widen.net/content/dfxobruy9y/webp/dfxobruy9y.png?dpi=72&color=ffffff00&w=270", "https://hp.widen.net/content/lmkgldyovs/webp/lmkgldyovs.png?dpi=72&color=ffffff00&w=270"]'
[2026-06-08 14:39:08] Extracting field 'sku' from chunk for https://www.hp.com/us-en/shop/slp/weekly-deals/laptops
[2026-06-08 14:39:08] sku -> 'C88JRUA#ABA'
[2026-06-08 14:39:08] Extracting field 'name' from chunk for https://www.hp.com/us-en/shop/slp/weekly-deals/laptops
[2026-06-08 14:39:08] name -> 'HP OmniBook X Flip 2-in-1 Laptop Next Gen AI 16-as0047nr 16",\xa0Touch screen,\xa0Windows 11 Home, \xa0Intel® Core™ Ultra 7,\xa016GB RAM,\xa0512GB SSD,\xa03K,\xa0Eclipse gray'
[2026-06-08 14:39:08] Extracting field 'price' from chunk for https://www.hp.com/us-en/shop/slp/weekly-deals/laptops
[2026-06-08 14:39:08] price -> '849.99'
[2026-06-08 14:39:08] Extracting field 'image' from chunk for https://www.hp.com/us-en/shop/slp/weekly-deals/laptops
[2026-06-08 14:39:08] image -> '["https://hp.com/wcsstore/hpusstore/Treatment/category/images/clipperX/25c1_clipperX_eclipsegray_front_573x430.png?imwidth=270&imdensity=1", "https://hp.widen.net/content/7w9heilcok/webp/7w9heilcok.png?dpi=72&color=ffffff00&w=270", "https://hp.widen.net/content/isk1nzzbvg/webp/isk1nzzbvg.png?dpi=72&color=ffffff00&w=270", "https://hp.widen.net/content/gdexm3oqnb/webp/gdexm3oqnb.png?dpi=72&color=ffffff00&w=270"]'
[2026-06-08 14:39:08] Extracting field 'sku' from chunk for https://www.hp.com/us-en/shop/slp/weekly-deals/laptops
[2026-06-08 14:39:08] sku -> 'B88BZUA#ABA'
[2026-06-08 14:39:08] Extracting field 'name' from chunk for https://www.hp.com/us-en/shop/slp/weekly-deals/laptops
[2026-06-08 14:39:09] name -> 'HP Laptop 15z-fc000, 15.6"'
[2026-06-08 14:39:09] Extracting field 'price' from chunk for https://www.hp.com/us-en/shop/slp/weekly-deals/laptops
[2026-06-08 14:39:09] price -> '399.99'
[2026-06-08 14:39:09] Extracting field 'image' from chunk for https://www.hp.com/us-en/shop/slp/weekly-deals/laptops
[2026-06-08 14:39:09] image -> '["https://hp.widen.net/content/ns7cslhiae/webp/ns7cslhiae.png?dpi=72&color=ffffff00&w=270"]'
[2026-06-08 14:39:09] Extracting field 'sku' from chunk for https://www.hp.com/us-en/shop/slp/weekly-deals/laptops
[2026-06-08 14:39:09] sku -> '741Q9AV_1'
[2026-06-08 14:39:09] Extracting field 'name' from chunk for https://www.hp.com/us-en/shop/slp/weekly-deals/laptops
[2026-06-08 14:39:09] name -> 'HyperX OMEN Gaming Laptop 15t-ga000, 15"'
[2026-06-08 14:39:09] Extracting field 'price' from chunk for https://www.hp.com/us-en/shop/slp/weekly-deals/laptops
[2026-06-08 14:39:09] price -> '949.99'
[2026-06-08 14:39:09] Extracting field 'image' from chunk for https://www.hp.com/us-en/shop/slp/weekly-deals/laptops
[2026-06-08 14:39:09] image -> '["https://hp.widen.net/content/swidppotiw/webp/swidppotiw.png?dpi=72&color=ffffff00&w=270", "https://hp.widen.net/content/um9llmdgjt/webp/um9llmdgjt.png?dpi=72&color=ffffff00&w=270", "https://hp.widen.net/content/mqlsceux7p/webp/mqlsceux7p.png?dpi=72&color=ffffff00&w=270"]'
[2026-06-08 14:39:09] Extracting field 'sku' from chunk for https://www.hp.com/us-en/shop/slp/weekly-deals/laptops
[2026-06-08 14:39:09] sku -> 'C52B1AV_1'
[2026-06-08 14:39:09] Extracting field 'name' from chunk for https://www.hp.com/us-en/shop/slp/weekly-deals/laptops
[2026-06-08 14:39:09] name -> ''
[2026-06-08 14:39:09] Extracting field 'price' from chunk for https://www.hp.com/us-en/shop/slp/weekly-deals/laptops
[2026-06-08 14:39:09] price -> ''
[2026-06-08 14:39:09] Extracting field 'image' from chunk for https://www.hp.com/us-en/shop/slp/weekly-deals/laptops
[2026-06-08 14:39:09] image -> '/wcsstore/hpusstore/Treatment/SLPs/MSFT/HP-OmniBook-5-16-inch-Glacier-Silver.png'
[2026-06-08 14:39:09] Extracting field 'sku' from chunk for https://www.hp.com/us-en/shop/slp/weekly-deals/laptops
[2026-06-08 14:39:09] sku -> ''
[2026-06-08 14:39:09] Found 3 missing required fields in https://www.hp.com/us-en/shop/slp/weekly-deals/laptops
[2026-06-08 14:39:37] batch=1 pages_processed=1 max_pages=1 visited=1 queue=263
