[2026-06-05 09:33:51] Starting spider crawl at https://www.hp.com/us-en/shop/slp/weekly-deals/laptops with max_pages=1 and custom_fields=['name', 'sku', 'price', 'image']
[2026-06-05 09:33:57] Extracted 5 chunks from https://www.hp.com/us-en/shop/slp/weekly-deals/laptops for record extraction
[2026-06-05 09:33:57] Extracting field 'name' from chunk for https://www.hp.com/us-en/shop/slp/weekly-deals/laptops
[2026-06-05 09:33:57] name -> 'HP OmniBook 7 Laptop Next Gen AI 17-dc0097nr 17.3",\xa0Touch screen,\xa0Windows 11 Home, \xa0Intel® Core™ Ultra 7,\xa032GB RAM,\xa02TB SSD,\xa0NVIDIA® GeForce RTX™ 4050,\xa0FHD,\xa0Glacier silver'
[2026-06-05 09:33:57] Extracting field 'sku' from chunk for https://www.hp.com/us-en/shop/slp/weekly-deals/laptops
[2026-06-05 09:33:57] sku -> 'BD1S1UA#ABA'
[2026-06-05 09:33:57] Extracting field 'price' from chunk for https://www.hp.com/us-en/shop/slp/weekly-deals/laptops
[2026-06-05 09:33:57] price -> '1399.99'
[2026-06-05 09:33:57] Extracting field 'image' from chunk for https://www.hp.com/us-en/shop/slp/weekly-deals/laptops
[2026-06-05 09:33:57] image -> '["https://hp.widen.net/content/ibh6hebz5t/webp/ibh6hebz5t.png?dpi=72&color=ffffff00&w=270", "https://hp.widen.net/content/rfwjnwy5t3/webp/rfwjnwy5t3.png?dpi=72&color=ffffff00&w=270", "https://hp.widen.net/content/8v3trkb5b2/webp/8v3trkb5b2.png?dpi=72&color=ffffff00&w=270", "https://hp.widen.net/content/zwgkoa9uoh/webp/zwgkoa9uoh.png?dpi=72&color=ffffff00&w=270", "https://hp.widen.net/content/wvrn5v4gcy/webp/wvrn5v4gcy.png?dpi=72&color=ffffff00&w=270", "https://hp.widen.net/content/1y9uwi6yin/webp/1y9uwi6yin.png?dpi=72&color=ffffff00&w=270", "https://hp.widen.net/content/p6nayelcbq/webp/p6nayelcbq.png?dpi=72&color=ffffff00&w=270"]'
[2026-06-05 09:33:57] Extracting field 'name' from chunk for https://www.hp.com/us-en/shop/slp/weekly-deals/laptops
[2026-06-05 09:33:57] name -> 'OMEN MAX Gaming Laptop 16,\xa0Windows 11 Home,\xa016",\xa0AMD Ryzen™ AI 9,\xa032GB RAM,\xa01TB SSD,\xa0NVIDIA® GeForce RTX™ 5080, WQXGA,\xa0Shadow black'
[2026-06-05 09:33:57] Extracting field 'sku' from chunk for https://www.hp.com/us-en/shop/slp/weekly-deals/laptops
[2026-06-05 09:33:57] sku -> 'CG6Y7UA#ABA'
[2026-06-05 09:33:57] Extracting field 'price' from chunk for https://www.hp.com/us-en/shop/slp/weekly-deals/laptops
[2026-06-05 09:33:57] price -> '2599.99'
[2026-06-05 09:33:57] Extracting field 'image' from chunk for https://www.hp.com/us-en/shop/slp/weekly-deals/laptops
[2026-06-05 09:33:57] image -> '["https://hp.widen.net/content/jdmuplwgkm/webp/jdmuplwgkm.png?dpi=72&color=ffffff00&w=270", "https://hp.widen.net/content/xozycil6kb/webp/xozycil6kb.png?dpi=72&color=ffffff00&w=270", "https://hp.widen.net/content/c3baxpxnx5/webp/c3baxpxnx5.png?dpi=72&color=ffffff00&w=270", "https://hp.widen.net/content/rwtoioq4or/webp/rwtoioq4or.png?dpi=72&color=ffffff00&w=270"]'
[2026-06-05 09:33:57] Extracting field 'name' from chunk for https://www.hp.com/us-en/shop/slp/weekly-deals/laptops
[2026-06-05 09:33:57] name -> 'HP OmniBook 7 Laptop Next Gen AI 17t-dc000, 17.3" Touch screen'
[2026-06-05 09:33:57] Extracting field 'sku' from chunk for https://www.hp.com/us-en/shop/slp/weekly-deals/laptops
[2026-06-05 09:33:57] sku -> 'AL2B7AV_1'
[2026-06-05 09:33:57] Extracting field 'price' from chunk for https://www.hp.com/us-en/shop/slp/weekly-deals/laptops
[2026-06-05 09:33:57] price -> '749.99'
[2026-06-05 09:33:57] Extracting field 'image' from chunk for https://www.hp.com/us-en/shop/slp/weekly-deals/laptops
[2026-06-05 09:33:57] image -> '["https://hp.widen.net/content/ibh6hebz5t/webp/ibh6hebz5t.png?dpi=72&color=ffffff00&w=270", "https://hp.widen.net/content/rfwjnwy5t3/webp/rfwjnwy5t3.png?dpi=72&color=ffffff00&w=270", "https://hp.widen.net/content/8v3trkb5b2/webp/8v3trkb5b2.png?dpi=72&color=ffffff00&w=270", "https://hp.widen.net/content/zwgkoa9uoh/webp/zwgkoa9uoh.png?dpi=72&color=ffffff00&w=270", "https://hp.widen.net/content/wvrn5v4gcy/webp/wvrn5v4gcy.png?dpi=72&color=ffffff00&w=270", "https://hp.widen.net/content/1y9uwi6yin/webp/1y9uwi6yin.png?dpi=72&color=ffffff00&w=270", "https://hp.widen.net/content/p6nayelcbq/webp/p6nayelcbq.png?dpi=72&color=ffffff00&w=270"]'
[2026-06-05 09:33:57] Extracting field 'name' from chunk for https://www.hp.com/us-en/shop/slp/weekly-deals/laptops
[2026-06-05 09:33:57] name -> 'HP OmniBook 5 Laptop 16t-ba100, 16"'
[2026-06-05 09:33:57] Extracting field 'sku' from chunk for https://www.hp.com/us-en/shop/slp/weekly-deals/laptops
[2026-06-05 09:33:57] sku -> 'B44PQAV_1'
[2026-06-05 09:33:57] Extracting field 'price' from chunk for https://www.hp.com/us-en/shop/slp/weekly-deals/laptops
[2026-06-05 09:33:57] price -> '439.99'
[2026-06-05 09:33:57] Extracting field 'image' from chunk for https://www.hp.com/us-en/shop/slp/weekly-deals/laptops
[2026-06-05 09:33:57] image -> '["https://hp.widen.net/content/0ctxdo48uz/webp/0ctxdo48uz.png?dpi=72&color=ffffff00&w=270", "https://hp.widen.net/content/emtrnxqqax/webp/emtrnxqqax.png?dpi=72&color=ffffff00&w=270", "https://hp.widen.net/content/wi49lhf531/webp/wi49lhf531.png?dpi=72&color=ffffff00&w=270", "https://hp.widen.net/content/kusifmwtyb/webp/kusifmwtyb.png?dpi=72&color=ffffff00&w=270", "https://hp.widen.net/content/tidqty6pv0/webp/tidqty6pv0.png?dpi=72&color=ffffff00&w=270", "https://hp.widen.net/content/0zxelbty6f/webp/0zxelbty6f.png?dpi=72&color=ffffff00&w=270", "https://hp.widen.net/content/f8ahdcmaks/webp/f8ahdcmaks.png?dpi=72&color=ffffff00&w=270"]'
[2026-06-05 09:33:57] Extracting field 'name' from chunk for https://www.hp.com/us-en/shop/slp/weekly-deals/laptops
[2026-06-05 09:33:57] name -> 'HP OmniBook 5 Laptop AI 16-af1037nr 16",\xa0Touch screen,\xa0Windows 11 Home, \xa0Intel® Core™ Ultra 7,\xa016GB RAM,\xa0512GB SSD,\xa02K,\xa0Glacier silver'
[2026-06-05 09:33:57] Extracting field 'sku' from chunk for https://www.hp.com/us-en/shop/slp/weekly-deals/laptops
[2026-06-05 09:33:57] sku -> 'B7ND0UA#ABA'
[2026-06-05 09:33:57] Extracting field 'price' from chunk for https://www.hp.com/us-en/shop/slp/weekly-deals/laptops
[2026-06-05 09:33:57] price -> '719.99'
[2026-06-05 09:33:57] Extracting field 'image' from chunk for https://www.hp.com/us-en/shop/slp/weekly-deals/laptops
[2026-06-05 09:33:57] image -> '["https://hp.widen.net/content/zmvr0af7t9/webp/zmvr0af7t9.png?dpi=72&color=ffffff00&w=270", "https://hp.widen.net/content/ddmapa7eo0/webp/ddmapa7eo0.png?dpi=72&color=ffffff00&w=270", "https://hp.widen.net/content/bac0qamjoa/webp/bac0qamjoa.png?dpi=72&color=ffffff00&w=270", "https://hp.widen.net/content/snkbnr8nxn/webp/snkbnr8nxn.png?dpi=72&color=ffffff00&w=270", "https://hp.widen.net/content/htdrrmchxt/webp/htdrrmchxt.png?dpi=72&color=ffffff00&w=270", "https://hp.widen.net/content/qvrllmfdex/webp/qvrllmfdex.png?dpi=72&color=ffffff00&w=270"]'
[2026-06-05 09:33:57] Found 0 missing required fields in https://www.hp.com/us-en/shop/slp/weekly-deals/laptops
[2026-06-05 09:33:58] batch=1 pages_processed=1 max_pages=1 visited=1 queue=192
