[2026-06-09 14:13:19] Found 10 product chunks using JSON-LD strategy
[2026-06-09 14:13:19] Found 5 product chunks using selector: class~product
[2026-06-09 14:13:19] Merged 10 JSON-LD + 5 DOM = 10 chunks after dedup
[2026-06-09 14:14:17] Found 10 product chunks using JSON-LD strategy
[2026-06-09 14:14:17] Found 5 product chunks using selector: class~product
[2026-06-09 14:14:17] Merged 10 JSON-LD + 5 DOM = 10 chunks after dedup
[2026-06-09 14:14:21] Found 10 product chunks using JSON-LD strategy
[2026-06-09 14:14:21] Found 5 product chunks using selector: class~product
[2026-06-09 14:14:21] Merged 10 JSON-LD + 5 DOM = 10 chunks after dedup
[2026-06-09 14:14:22] Found 17 product chunks using JSON-LD strategy
[2026-06-09 14:14:22] Found 2 product chunks using selector: class~product
[2026-06-09 14:14:22] Merged 17 JSON-LD + 2 DOM = 18 chunks after dedup
[2026-06-09 14:14:23] Found 16 product chunks using JSON-LD strategy
[2026-06-09 14:14:23] Found 5 product chunks using selector: class~product
[2026-06-09 14:14:23] Merged 16 JSON-LD + 5 DOM = 16 chunks after dedup
[2026-06-09 14:14:28] Found 9 product chunks using JSON-LD strategy
[2026-06-09 14:14:28] Found 5 product chunks using selector: class~product
[2026-06-09 14:14:28] Merged 9 JSON-LD + 5 DOM = 9 chunks after dedup
[2026-06-09 14:14:29] Found 17 product chunks using JSON-LD strategy
[2026-06-09 14:14:29] Found 5 product chunks using selector: class~product
[2026-06-09 14:14:29] Merged 17 JSON-LD + 5 DOM = 17 chunks after dedup
[2026-06-09 14:14:36] Found 15 product chunks using JSON-LD strategy
[2026-06-09 14:14:37] Found 5 product chunks using selector: class~product
[2026-06-09 14:14:37] Merged 15 JSON-LD + 5 DOM = 15 chunks after dedup
[2026-06-09 14:14:38] Found 18 product chunks using JSON-LD strategy
[2026-06-09 14:14:38] Found 4 product chunks using selector: class~product
[2026-06-09 14:14:38] Merged 18 JSON-LD + 4 DOM = 18 chunks after dedup
[2026-06-09 14:14:39] Found 9 product chunks using JSON-LD strategy
[2026-06-09 14:14:39] Found 5 product chunks using selector: class~product
[2026-06-09 14:14:39] Merged 9 JSON-LD + 5 DOM = 9 chunks after dedup
[2026-06-09 14:22:37] Found 72 product chunks using selector: class~product
[2026-06-09 14:22:37] Merged 0 JSON-LD + 72 DOM = 72 chunks after dedup
[2026-06-09 14:22:41] Found 120 product chunks using selector: class~product
[2026-06-09 14:22:42] Merged 0 JSON-LD + 120 DOM = 120 chunks after dedup
[2026-06-09 14:22:46] Found 72 product chunks using selector: class~product
[2026-06-09 14:22:46] Merged 0 JSON-LD + 72 DOM = 72 chunks after dedup
[2026-06-09 14:22:49] Found 73 product chunks using selector: class~product
[2026-06-09 14:22:49] Merged 0 JSON-LD + 73 DOM = 73 chunks after dedup
[2026-06-09 14:22:50] Found 121 product chunks using selector: class~product
[2026-06-09 14:22:51] Merged 0 JSON-LD + 121 DOM = 121 chunks after dedup
[2026-06-09 14:28:29] Found 72 product chunks using selector: class~product
[2026-06-09 14:28:30] Merged 0 JSON-LD + 72 DOM = 72 chunks after dedup
[2026-06-09 14:31:31] Found 72 product chunks using selector: class~product
[2026-06-09 14:31:31] Merged 0 JSON-LD + 72 DOM = 72 chunks after dedup
[2026-06-09 14:47:30] Found 10 product chunks using JSON-LD strategy
[2026-06-09 14:47:31] Found 5 product chunks using selector: class~product
[2026-06-09 14:47:31] Merged 10 JSON-LD + 5 DOM = 10 chunks after dedup
[2026-06-09 14:47:32] Found 5 product chunks using JSON-LD strategy
[2026-06-09 14:47:32] Found 5 product chunks using selector: class~product
[2026-06-09 14:47:32] Merged 5 JSON-LD + 5 DOM = 5 chunks after dedup
[2026-06-09 14:47:34] Found 5 product chunks using JSON-LD strategy
[2026-06-09 14:47:34] Found 2 product chunks using selector: class~product
[2026-06-09 14:47:36] Merged 5 JSON-LD + 2 DOM = 6 chunks after dedup
[2026-06-09 14:47:38] Found 11 product chunks using JSON-LD strategy
[2026-06-09 14:47:38] Found 5 product chunks using selector: class~product
[2026-06-09 14:47:39] Merged 11 JSON-LD + 5 DOM = 11 chunks after dedup
[2026-06-09 14:47:46] Found 10 product chunks using JSON-LD strategy
[2026-06-09 14:47:46] Found 5 product chunks using selector: class~product
[2026-06-09 14:47:50] Merged 10 JSON-LD + 5 DOM = 10 chunks after dedup
[2026-06-09 14:47:57] Found 9 product chunks using JSON-LD strategy
[2026-06-09 14:47:57] Found 5 product chunks using selector: class~product
[2026-06-09 14:47:57] Merged 9 JSON-LD + 5 DOM = 9 chunks after dedup
[2026-06-09 14:47:59] Found 17 product chunks using JSON-LD strategy
[2026-06-09 14:47:59] Found 5 product chunks using selector: class~product
[2026-06-09 14:47:59] Merged 17 JSON-LD + 5 DOM = 17 chunks after dedup
[2026-06-09 14:48:03] Found 18 product chunks using JSON-LD strategy
[2026-06-09 14:48:03] Found 5 product chunks using selector: class~product
[2026-06-09 14:48:03] Merged 18 JSON-LD + 5 DOM = 18 chunks after dedup
[2026-06-09 14:48:06] Found 16 product chunks using JSON-LD strategy
[2026-06-09 14:48:07] Found 4 product chunks using selector: class~product
[2026-06-09 14:48:07] Merged 16 JSON-LD + 4 DOM = 16 chunks after dedup
[2026-06-10 10:35:36] Found 49 product chunks using selector: class~product
[2026-06-10 10:35:36] Merged 0 JSON-LD + 49 DOM = 49 chunks after dedup
[2026-06-10 10:36:07] Found 72 product chunks using selector: class~product
[2026-06-10 10:36:07] Merged 0 JSON-LD + 72 DOM = 72 chunks after dedup
[2026-06-10 10:36:10] Found 8 product chunks using JSON-LD strategy
[2026-06-10 10:36:10] Found 2 product chunks using selector: class~product
[2026-06-10 10:36:10] Merged 8 JSON-LD + 2 DOM = 10 chunks after dedup
[2026-06-11 12:29:45] Found 18 product chunks using JSON-LD strategy
[2026-06-11 12:29:45] Found 2 product chunks using selector: class~product
[2026-06-11 12:29:45] Merged 18 JSON-LD + 2 DOM = 19 chunks after dedup
[2026-06-11 14:12:39] Found 18 product chunks using JSON-LD strategy
[2026-06-11 14:12:39] Found 2 product chunks using selector: class~product
[2026-06-11 14:12:39] Merged 18 JSON-LD + 2 DOM = 19 chunks after dedup
[2026-06-11 16:10:13] Found 18 product chunks using JSON-LD strategy
[2026-06-11 16:10:14] Found 2 product chunks using selector: class~product
[2026-06-11 16:10:14] Merged 18 JSON-LD + 2 DOM = 19 chunks after dedup
[2026-06-11 16:38:31] Found 18 product chunks using JSON-LD strategy
[2026-06-11 16:38:32] Found 2 product chunks using selector: class~product
[2026-06-11 16:38:32] Merged 18 JSON-LD + 2 DOM = 19 chunks after dedup
[2026-06-11 16:38:39] Found 2 product chunks using selector: class~product
[2026-06-11 16:38:39] Merged 0 JSON-LD + 2 DOM = 2 chunks after dedup
[2026-06-11 16:38:50] Found 2 product chunks using JSON-LD strategy
[2026-06-11 16:38:50] Found 2 product chunks using selector: class~product
[2026-06-11 16:38:50] Merged 2 JSON-LD + 2 DOM = 3 chunks after dedup
[2026-06-15 11:14:22] Found 114 product chunks using selector: class~product
[2026-06-15 11:14:22] Merged 0 JSON-LD + 114 DOM = 114 chunks after dedup
[2026-06-15 11:15:14] Found 120 product chunks using selector: class~product
[2026-06-15 11:15:14] Merged 0 JSON-LD + 120 DOM = 120 chunks after dedup
[2026-06-15 12:08:14] Found 114 product chunks using selector: class~product
[2026-06-15 12:08:14] Merged 0 JSON-LD + 114 DOM = 114 chunks after dedup
[2026-06-15 12:08:54] Found 14 product chunks using JSON-LD strategy
[2026-06-15 12:08:54] Found 1 product chunks using selector: article
[2026-06-15 12:08:54] Merged 14 JSON-LD + 1 DOM = 15 chunks after dedup
[2026-06-15 15:32:08] Found 10 product chunks using JSON-LD strategy
[2026-06-15 15:32:08] Found 5 product chunks using selector: class~product
[2026-06-15 15:32:08] Merged 10 JSON-LD + 5 DOM = 10 chunks after dedup
[2026-06-15 15:32:13] Found 10 product chunks using JSON-LD strategy
[2026-06-15 15:32:13] Found 5 product chunks using selector: class~product
[2026-06-15 15:32:13] Merged 10 JSON-LD + 5 DOM = 10 chunks after dedup
[2026-06-15 15:32:14] Found 10 product chunks using JSON-LD strategy
[2026-06-15 15:32:14] Found 5 product chunks using selector: class~product
[2026-06-15 15:32:14] Merged 10 JSON-LD + 5 DOM = 10 chunks after dedup
[2026-06-15 15:32:17] Found 12 product chunks using JSON-LD strategy
[2026-06-15 15:32:17] Found 5 product chunks using selector: class~product
[2026-06-15 15:32:17] Merged 12 JSON-LD + 5 DOM = 12 chunks after dedup
[2026-06-15 15:32:20] Found 15 product chunks using JSON-LD strategy
[2026-06-15 15:32:20] Found 2 product chunks using selector: class~product
[2026-06-15 15:32:20] Merged 15 JSON-LD + 2 DOM = 16 chunks after dedup
[2026-06-15 15:32:44] Found 13 product chunks using JSON-LD strategy
[2026-06-15 15:32:44] Found 5 product chunks using selector: class~product
[2026-06-15 15:32:44] Merged 13 JSON-LD + 5 DOM = 13 chunks after dedup
[2026-06-15 15:32:45] Found 16 product chunks using JSON-LD strategy
[2026-06-15 15:32:45] Found 4 product chunks using selector: class~product
[2026-06-15 15:32:45] Merged 16 JSON-LD + 4 DOM = 16 chunks after dedup
[2026-06-15 15:32:46] Found 9 product chunks using JSON-LD strategy
[2026-06-15 15:32:46] Found 5 product chunks using selector: class~product
[2026-06-15 15:32:46] Merged 9 JSON-LD + 5 DOM = 9 chunks after dedup
[2026-06-15 15:32:48] Found 17 product chunks using JSON-LD strategy
[2026-06-15 15:32:48] Found 5 product chunks using selector: class~product
[2026-06-15 15:32:48] Merged 17 JSON-LD + 5 DOM = 17 chunks after dedup
[2026-06-15 15:44:42] Found 10 product chunks using JSON-LD strategy
[2026-06-15 15:44:42] Found 5 product chunks using selector: class~product
[2026-06-15 15:44:42] Merged 10 JSON-LD + 5 DOM = 10 chunks after dedup
[2026-06-15 15:44:44] Found 5 product chunks using JSON-LD strategy
[2026-06-15 15:44:45] Found 5 product chunks using selector: class~product
[2026-06-15 15:44:45] Merged 5 JSON-LD + 5 DOM = 5 chunks after dedup
[2026-06-15 15:44:50] Found 10 product chunks using JSON-LD strategy
[2026-06-15 15:44:50] Found 5 product chunks using selector: class~product
[2026-06-15 15:44:50] Merged 10 JSON-LD + 5 DOM = 10 chunks after dedup
[2026-06-15 15:44:52] Found 15 product chunks using JSON-LD strategy
[2026-06-15 15:44:52] Found 5 product chunks using selector: class~product
[2026-06-15 15:44:52] Merged 15 JSON-LD + 5 DOM = 15 chunks after dedup
[2026-06-15 15:44:54] Found 16 product chunks using JSON-LD strategy
[2026-06-15 15:44:54] Found 2 product chunks using selector: class~product
[2026-06-15 15:44:54] Merged 16 JSON-LD + 2 DOM = 17 chunks after dedup
[2026-06-15 15:45:18] Found 15 product chunks using JSON-LD strategy
[2026-06-15 15:45:18] Found 5 product chunks using selector: class~product
[2026-06-15 15:45:18] Merged 15 JSON-LD + 5 DOM = 15 chunks after dedup
[2026-06-15 15:45:18] Found 15 product chunks using JSON-LD strategy
[2026-06-15 15:45:19] Found 5 product chunks using selector: class~product
[2026-06-15 15:45:19] Merged 15 JSON-LD + 5 DOM = 15 chunks after dedup
[2026-06-15 15:45:21] Found 16 product chunks using JSON-LD strategy
[2026-06-15 15:45:21] Found 4 product chunks using selector: class~product
[2026-06-15 15:45:21] Merged 16 JSON-LD + 4 DOM = 16 chunks after dedup
[2026-06-15 15:45:22] Found 10 product chunks using JSON-LD strategy
[2026-06-15 15:45:22] Found 5 product chunks using selector: class~product
[2026-06-15 15:45:22] Merged 10 JSON-LD + 5 DOM = 10 chunks after dedup
[2026-06-15 15:47:54] Found 10 product chunks using JSON-LD strategy
[2026-06-15 15:47:54] Found 5 product chunks using selector: class~product
[2026-06-15 15:47:54] Merged 10 JSON-LD + 5 DOM = 10 chunks after dedup
[2026-06-15 15:47:59] Found 9 product chunks using JSON-LD strategy
[2026-06-15 15:48:00] Found 5 product chunks using selector: class~product
[2026-06-15 15:48:01] Merged 9 JSON-LD + 5 DOM = 9 chunks after dedup
[2026-06-15 15:48:02] Found 16 product chunks using JSON-LD strategy
[2026-06-15 15:48:03] Found 5 product chunks using selector: class~product
[2026-06-15 15:48:03] Merged 16 JSON-LD + 5 DOM = 16 chunks after dedup
[2026-06-15 15:48:04] Found 16 product chunks using JSON-LD strategy
[2026-06-15 15:48:04] Found 5 product chunks using selector: class~product
[2026-06-15 15:48:04] Merged 16 JSON-LD + 5 DOM = 16 chunks after dedup
[2026-06-15 15:48:07] Found 9 product chunks using JSON-LD strategy
[2026-06-15 15:48:07] Found 5 product chunks using selector: class~product
[2026-06-15 15:48:07] Merged 9 JSON-LD + 5 DOM = 9 chunks after dedup
[2026-06-15 15:48:08] Found 17 product chunks using JSON-LD strategy
[2026-06-15 15:48:08] Found 2 product chunks using selector: class~product
[2026-06-15 15:48:08] Merged 17 JSON-LD + 2 DOM = 18 chunks after dedup
[2026-06-15 15:48:15] Found 15 product chunks using JSON-LD strategy
[2026-06-15 15:48:15] Found 5 product chunks using selector: class~product
[2026-06-15 15:48:15] Merged 15 JSON-LD + 5 DOM = 15 chunks after dedup
[2026-06-15 15:48:17] Found 17 product chunks using JSON-LD strategy
[2026-06-15 15:48:17] Found 5 product chunks using selector: class~product
[2026-06-15 15:48:17] Merged 17 JSON-LD + 5 DOM = 17 chunks after dedup
[2026-06-15 15:48:19] Found 16 product chunks using JSON-LD strategy
[2026-06-15 15:48:20] Found 4 product chunks using selector: class~product
[2026-06-15 15:48:20] Merged 16 JSON-LD + 4 DOM = 16 chunks after dedup
[2026-06-15 16:13:05] Found 10 product chunks using JSON-LD strategy
[2026-06-15 16:13:05] Found 5 product chunks using selector: class~product
[2026-06-15 16:13:06] Merged 10 JSON-LD + 5 DOM = 10 chunks after dedup
[2026-06-15 16:13:11] Found 10 product chunks using JSON-LD strategy
[2026-06-15 16:13:11] Found 5 product chunks using selector: class~product
[2026-06-15 16:13:11] Merged 10 JSON-LD + 5 DOM = 10 chunks after dedup
[2026-06-15 16:13:13] Found 16 product chunks using JSON-LD strategy
[2026-06-15 16:13:13] Found 5 product chunks using selector: class~product
[2026-06-15 16:13:13] Merged 16 JSON-LD + 5 DOM = 16 chunks after dedup
[2026-06-15 16:13:16] Found 14 product chunks using JSON-LD strategy
[2026-06-15 16:13:16] Found 5 product chunks using selector: class~product
[2026-06-15 16:13:16] Merged 14 JSON-LD + 5 DOM = 14 chunks after dedup
[2026-06-15 16:13:18] Found 13 product chunks using JSON-LD strategy
[2026-06-15 16:13:19] Found 2 product chunks using selector: class~product
[2026-06-15 16:13:19] Merged 13 JSON-LD + 2 DOM = 14 chunks after dedup
[2026-06-15 16:13:45] Found 17 product chunks using JSON-LD strategy
[2026-06-15 16:13:45] Found 5 product chunks using selector: class~product
[2026-06-15 16:13:45] Merged 17 JSON-LD + 5 DOM = 17 chunks after dedup
[2026-06-15 16:13:47] Found 10 product chunks using JSON-LD strategy
[2026-06-15 16:13:47] Found 5 product chunks using selector: class~product
[2026-06-15 16:13:47] Merged 10 JSON-LD + 5 DOM = 10 chunks after dedup
[2026-06-15 16:13:48] Found 16 product chunks using JSON-LD strategy
[2026-06-15 16:13:48] Found 4 product chunks using selector: class~product
[2026-06-15 16:13:48] Merged 16 JSON-LD + 4 DOM = 16 chunks after dedup
[2026-06-15 16:14:05] Found 15 product chunks using JSON-LD strategy
[2026-06-15 16:14:05] Found 5 product chunks using selector: class~product
[2026-06-15 16:14:05] Merged 15 JSON-LD + 5 DOM = 15 chunks after dedup
[2026-06-16 09:58:54] Found 63 product chunks using selector: article
[2026-06-16 09:58:54] Merged 0 JSON-LD + 63 DOM = 63 chunks after dedup
[2026-06-16 09:59:00] Found 61 product chunks using selector: article
[2026-06-16 09:59:00] Merged 0 JSON-LD + 61 DOM = 61 chunks after dedup
[2026-06-16 09:59:04] Found 60 product chunks using selector: article
[2026-06-16 09:59:04] Merged 0 JSON-LD + 60 DOM = 60 chunks after dedup
[2026-06-16 09:59:08] Found 62 product chunks using selector: article
[2026-06-16 09:59:08] Merged 0 JSON-LD + 62 DOM = 62 chunks after dedup
[2026-06-16 09:59:16] Found 60 product chunks using selector: article
[2026-06-16 09:59:16] Merged 0 JSON-LD + 60 DOM = 60 chunks after dedup
[2026-06-16 09:59:19] Found 64 product chunks using selector: article
[2026-06-16 09:59:19] Merged 0 JSON-LD + 64 DOM = 64 chunks after dedup
[2026-06-16 09:59:44] Found 61 product chunks using selector: article
[2026-06-16 09:59:45] Merged 0 JSON-LD + 61 DOM = 61 chunks after dedup
[2026-06-16 10:42:56] Found 50 product chunks using selector: class~product
[2026-06-16 10:42:57] Merged 0 JSON-LD + 50 DOM = 50 chunks after dedup
[2026-06-16 10:43:25] Found 16 product chunks using selector: class~product
[2026-06-16 10:43:25] Merged 0 JSON-LD + 16 DOM = 16 chunks after dedup
[2026-06-16 10:54:47] Found 50 product chunks using selector: class~product
[2026-06-16 10:54:47] Merged 0 JSON-LD + 50 DOM = 50 chunks after dedup
[2026-06-16 10:55:15] Found 20 product chunks using selector: class~product
[2026-06-16 10:55:16] Merged 0 JSON-LD + 20 DOM = 20 chunks after dedup
[2026-06-16 11:50:22] Found 18 product chunks using JSON-LD strategy
[2026-06-16 11:50:22] Found 5 product chunks using selector: class~product
[2026-06-16 11:50:22] Merged 18 JSON-LD + 5 DOM = 18 chunks after dedup
[2026-06-16 11:51:07] Found 11 product chunks using JSON-LD strategy
[2026-06-16 11:51:07] Found 5 product chunks using selector: class~product
[2026-06-16 11:51:07] Merged 11 JSON-LD + 5 DOM = 11 chunks after dedup
[2026-06-16 11:51:13] Found 3 product chunks using selector: class~tile
[2026-06-16 11:51:13] Merged 0 JSON-LD + 3 DOM = 3 chunks after dedup
[2026-06-16 11:51:13] Found 48 product chunks using JSON-LD strategy
[2026-06-16 11:51:13] Found 6 product chunks using selector: class~product
[2026-06-16 11:51:13] Merged 48 JSON-LD + 6 DOM = 48 chunks after dedup
[2026-06-16 12:05:59] Found 10 product chunks using JSON-LD strategy
[2026-06-16 12:06:00] Found 5 product chunks using selector: class~product
[2026-06-16 12:06:03] Merged 10 JSON-LD + 5 DOM = 10 chunks after dedup
[2026-06-16 12:06:13] Found 10 product chunks using JSON-LD strategy
[2026-06-16 12:06:14] Found 5 product chunks using selector: class~product
[2026-06-16 12:06:16] Merged 10 JSON-LD + 5 DOM = 10 chunks after dedup
[2026-06-16 12:06:22] Found 16 product chunks using JSON-LD strategy
[2026-06-16 12:06:23] Found 5 product chunks using selector: class~product
[2026-06-16 12:06:23] Merged 16 JSON-LD + 5 DOM = 16 chunks after dedup
[2026-06-16 12:06:27] Found 13 product chunks using JSON-LD strategy
[2026-06-16 12:06:27] Found 5 product chunks using selector: class~product
[2026-06-16 12:06:27] Merged 13 JSON-LD + 5 DOM = 13 chunks after dedup
[2026-06-16 12:06:29] Found 13 product chunks using JSON-LD strategy
[2026-06-16 12:06:29] Found 2 product chunks using selector: class~product
[2026-06-16 12:06:29] Merged 13 JSON-LD + 2 DOM = 14 chunks after dedup
[2026-06-16 12:07:05] Found 10 product chunks using JSON-LD strategy
[2026-06-16 12:07:06] Found 5 product chunks using selector: class~product
[2026-06-16 12:07:06] Merged 10 JSON-LD + 5 DOM = 10 chunks after dedup
[2026-06-16 12:07:11] Found 15 product chunks using JSON-LD strategy
[2026-06-16 12:07:11] Found 5 product chunks using selector: class~product
[2026-06-16 12:07:11] Merged 15 JSON-LD + 5 DOM = 15 chunks after dedup
[2026-06-16 12:07:13] Found 17 product chunks using JSON-LD strategy
[2026-06-16 12:07:13] Found 5 product chunks using selector: class~product
[2026-06-16 12:07:13] Merged 17 JSON-LD + 5 DOM = 17 chunks after dedup
[2026-06-16 12:07:15] Found 16 product chunks using JSON-LD strategy
[2026-06-16 12:07:16] Found 4 product chunks using selector: class~product
[2026-06-16 12:07:16] Merged 16 JSON-LD + 4 DOM = 16 chunks after dedup
[2026-06-16 12:18:18] Found 2 product chunks using selector: class~product
[2026-06-16 12:18:18] Merged 0 JSON-LD + 2 DOM = 2 chunks after dedup
[2026-06-16 12:18:26] Found 2 product chunks using selector: class~product
[2026-06-16 12:18:26] Merged 0 JSON-LD + 2 DOM = 2 chunks after dedup
[2026-06-16 12:18:29] Found 2 product chunks using selector: class~product
[2026-06-16 12:18:29] Merged 0 JSON-LD + 2 DOM = 2 chunks after dedup
[2026-06-16 12:23:00] Found 2 product chunks using selector: class~product
[2026-06-16 12:23:00] Merged 0 JSON-LD + 2 DOM = 2 chunks after dedup
[2026-06-16 12:23:49] Found 2 product chunks using selector: class~product
[2026-06-16 12:23:49] Merged 0 JSON-LD + 2 DOM = 2 chunks after dedup
[2026-06-16 12:23:52] Found 2 product chunks using selector: class~product
[2026-06-16 12:23:52] Merged 0 JSON-LD + 2 DOM = 2 chunks after dedup
[2026-06-16 12:23:53] Found 2 product chunks using selector: class~product
[2026-06-16 12:23:53] Merged 0 JSON-LD + 2 DOM = 2 chunks after dedup
[2026-06-16 12:23:55] Found 2 product chunks using selector: class~product
[2026-06-16 12:23:55] Merged 0 JSON-LD + 2 DOM = 2 chunks after dedup
[2026-06-16 12:24:01] Found 2 product chunks using selector: class~product
[2026-06-16 12:24:01] Merged 0 JSON-LD + 2 DOM = 2 chunks after dedup
[2026-06-16 12:24:02] Found 2 product chunks using selector: class~product
[2026-06-16 12:24:02] Merged 0 JSON-LD + 2 DOM = 2 chunks after dedup
[2026-06-16 12:24:04] Found 2 product chunks using selector: class~product
[2026-06-16 12:24:04] Merged 0 JSON-LD + 2 DOM = 2 chunks after dedup
[2026-06-16 12:24:08] Found 2 product chunks using selector: class~product
[2026-06-16 12:24:08] Merged 0 JSON-LD + 2 DOM = 2 chunks after dedup
[2026-06-16 12:24:08] Found 2 product chunks using selector: class~product
[2026-06-16 12:24:08] Merged 0 JSON-LD + 2 DOM = 2 chunks after dedup
