[2026-06-04 16:28:04] Starting spider crawl at https://www.hp.com/us-en/shop/slp/weekly-deals/laptops with max_pages=1 and custom_fields=['name', 'sku', 'price', 'image']
[2026-06-04 16:28:07] Extracted 5 chunks from https://www.hp.com/us-en/shop/slp/weekly-deals/laptops for record extraction
[2026-06-04 16:28:07] Extracting field 'name' from chunk for https://www.hp.com/us-en/shop/slp/weekly-deals/laptops
[2026-06-04 16:28:07] name -> ''
[2026-06-04 16:28:07] Extracting field 'sku' from chunk for https://www.hp.com/us-en/shop/slp/weekly-deals/laptops
[2026-06-04 16:28:07] sku -> ''
[2026-06-04 16:28:07] Extracting field 'price' from chunk for https://www.hp.com/us-en/shop/slp/weekly-deals/laptops
[2026-06-04 16:28:07] price -> ''
[2026-06-04 16:28:07] Extracting field 'image' from chunk for https://www.hp.com/us-en/shop/slp/weekly-deals/laptops
[2026-06-04 16:28:07] image -> ''
[2026-06-04 16:28:07] Extracting field 'name' from chunk for https://www.hp.com/us-en/shop/slp/weekly-deals/laptops
[2026-06-04 16:28:07] name -> ''
[2026-06-04 16:28:07] Extracting field 'sku' from chunk for https://www.hp.com/us-en/shop/slp/weekly-deals/laptops
[2026-06-04 16:28:07] sku -> ''
[2026-06-04 16:28:07] Extracting field 'price' from chunk for https://www.hp.com/us-en/shop/slp/weekly-deals/laptops
[2026-06-04 16:28:07] price -> ''
[2026-06-04 16:28:07] Extracting field 'image' from chunk for https://www.hp.com/us-en/shop/slp/weekly-deals/laptops
[2026-06-04 16:28:07] image -> ''
[2026-06-04 16:28:07] Extracting field 'name' from chunk for https://www.hp.com/us-en/shop/slp/weekly-deals/laptops
[2026-06-04 16:28:07] name -> ''
[2026-06-04 16:28:07] Extracting field 'sku' from chunk for https://www.hp.com/us-en/shop/slp/weekly-deals/laptops
[2026-06-04 16:28:07] sku -> ''
[2026-06-04 16:28:07] Extracting field 'price' from chunk for https://www.hp.com/us-en/shop/slp/weekly-deals/laptops
[2026-06-04 16:28:07] price -> ''
[2026-06-04 16:28:07] Extracting field 'image' from chunk for https://www.hp.com/us-en/shop/slp/weekly-deals/laptops
[2026-06-04 16:28:07] image -> ''
[2026-06-04 16:28:07] Extracting field 'name' from chunk for https://www.hp.com/us-en/shop/slp/weekly-deals/laptops
[2026-06-04 16:28:07] name -> ''
[2026-06-04 16:28:07] Extracting field 'sku' from chunk for https://www.hp.com/us-en/shop/slp/weekly-deals/laptops
[2026-06-04 16:28:07] sku -> ''
[2026-06-04 16:28:07] Extracting field 'price' from chunk for https://www.hp.com/us-en/shop/slp/weekly-deals/laptops
[2026-06-04 16:28:07] price -> ''
[2026-06-04 16:28:07] Extracting field 'image' from chunk for https://www.hp.com/us-en/shop/slp/weekly-deals/laptops
[2026-06-04 16:28:07] image -> ''
[2026-06-04 16:28:07] Extracting field 'name' from chunk for https://www.hp.com/us-en/shop/slp/weekly-deals/laptops
[2026-06-04 16:28:07] name -> ''
[2026-06-04 16:28:07] Extracting field 'sku' from chunk for https://www.hp.com/us-en/shop/slp/weekly-deals/laptops
[2026-06-04 16:28:07] sku -> ''
[2026-06-04 16:28:07] Extracting field 'price' from chunk for https://www.hp.com/us-en/shop/slp/weekly-deals/laptops
[2026-06-04 16:28:07] price -> ''
[2026-06-04 16:28:07] Extracting field 'image' from chunk for https://www.hp.com/us-en/shop/slp/weekly-deals/laptops
[2026-06-04 16:28:07] image -> ''
[2026-06-04 16:28:07] Found 4 missing required fields in https://www.hp.com/us-en/shop/slp/weekly-deals/laptops
[2026-06-04 16:28:07] batch=1 pages_processed=1 max_pages=1 visited=1 queue=192
